09 Jul 2026 21:00:45,176 [Thread-4] DEBUG org.tellervo.desktop.dictionary.Dictionary - Registering dictionary userDefinedTermDictionary with 335 entries
09 Jul 2026 21:00:45,175 [MVC Thread #0] DEBUG com.dmurph.mvc.monitor.LoggingMonitor - Dispatching event 'DICTIONARY_DICTIONARY_REGISTERED' with value of 'datingTypeDictionary'.
09 Jul 2026 21:00:45,177 [Thread-4] INFO org.tellervo.desktop.dictionary.Dictionary - Registering dictionary: userDefinedTermDictionary
09 Jul 2026 21:00:45,177 [MVC Thread #0] DEBUG com.dmurph.mvc.monitor.LoggingMonitor - Dispatching event 'DICTIONARY_DICTIONARY_REGISTERED' with value of 'datingTypeDictionary'.
09 Jul 2026 21:00:45,177 [Thread-4] DEBUG org.tellervo.desktop.dictionary.Dictionary - Registering dictionary projectCategoryDictionary with 10 entries
09 Jul 2026 21:00:45,178 [MVC Thread #0] DEBUG com.dmurph.mvc.monitor.LoggingMonitor - Dispatching event 'DICTIONARY_DICTIONARY_REGISTERED' with value of 'taxonDictionary'.
09 Jul 2026 21:00:45,178 [Thread-4] INFO org.tellervo.desktop.dictionary.Dictionary - Registering dictionary: projectCategoryDictionary
09 Jul 2026 21:00:45,178 [MVC Thread #0] DEBUG com.dmurph.mvc.monitor.LoggingMonitor - Dispatching event 'DICTIONARY_DICTIONARY_REGISTERED' with value of 'taxonDictionary'.
09 Jul 2026 21:00:45,178 [MVC Thread #0] DEBUG com.dmurph.mvc.monitor.LoggingMonitor - Dispatching event 'DICTIONARY_DICTIONARY_REGISTERED' with value of 'taxonDictionary'.
09 Jul 2026 21:00:45,178 [Thread-4] DEBUG org.tellervo.desktop.dictionary.Dictionary - Registering dictionary securityUserDictionary with 44 entries
09 Jul 2026 21:00:45,179 [MVC Thread #0] DEBUG com.dmurph.mvc.monitor.LoggingMonitor - Dispatching event 'DICTIONARY_DICTIONARY_REGISTERED' with value of 'configurationDictionary'.
09 Jul 2026 21:00:45,179 [Thread-4] INFO org.tellervo.desktop.dictionary.Dictionary - Registering dictionary: securityUserDictionary
09 Jul 2026 21:00:45,179 [MVC Thread #0] DEBUG com.dmurph.mvc.monitor.LoggingMonitor - Dispatching event 'DICTIONARY_DICTIONARY_REGISTERED' with value of 'configurationDictionary'.
09 Jul 2026 21:00:45,179 [MVC Thread #0] DEBUG com.dmurph.mvc.monitor.LoggingMonitor - Dispatching event 'DICTIONARY_DICTIONARY_REGISTERED' with value of 'configurationDictionary'.
09 Jul 2026 21:00:45,179 [MVC Thread #0] DEBUG com.dmurph.mvc.monitor.LoggingMonitor - Dispatching event 'DICTIONARY_DICTIONARY_REGISTERED' with value of 'sampleStatusDictionary'.
09 Jul 2026 21:00:45,179 [Thread-4] DEBUG org.tellervo.desktop.dictionary.Dictionary - Registering dictionary securityGroupDictionary with 4 entries
09 Jul 2026 21:00:45,179 [Thread-4] INFO org.tellervo.desktop.dictionary.Dictionary - Registering dictionary: securityGroupDictionary
09 Jul 2026 21:00:45,179 [MVC Thread #0] DEBUG com.dmurph.mvc.monitor.LoggingMonitor - Dispatching event 'DICTIONARY_DICTIONARY_REGISTERED' with value of 'sampleStatusDictionary'.
09 Jul 2026 21:00:45,180 [MVC Thread #0] DEBUG com.dmurph.mvc.monitor.LoggingMonitor - Dispatching event 'DICTIONARY_DICTIONARY_REGISTERED' with value of 'sampleStatusDictionary'.
09 Jul 2026 21:00:45,180 [Thread-4] DEBUG org.tellervo.desktop.dictionary.Dictionary - Registering dictionary readingNoteDictionary with 34 entries
09 Jul 2026 21:00:45,180 [MVC Thread #0] DEBUG com.dmurph.mvc.monitor.LoggingMonitor - Dispatching event 'DICTIONARY_DICTIONARY_REGISTERED' with value of 'userDefinedFieldDictionary'.
09 Jul 2026 21:00:45,180 [Thread-4] INFO org.tellervo.desktop.dictionary.Dictionary - Registering dictionary: readingNoteDictionary
09 Jul 2026 21:00:45,181 [Thread-4] DEBUG org.tellervo.desktop.dictionary.Dictionary - Registering dictionary boxDictionary with 8756 entries
09 Jul 2026 21:00:45,184 [Thread-4] INFO org.tellervo.desktop.dictionary.Dictionary - Registering dictionary: boxDictionary
09 Jul 2026 21:00:45,185 [Thread-4] DEBUG org.tellervo.desktop.dictionary.Dictionary - Registering dictionary domainDictionary with 1 entries
09 Jul 2026 21:00:45,186 [Thread-4] INFO org.tellervo.desktop.dictionary.Dictionary - Registering dictionary: domainDictionary
09 Jul 2026 21:00:45,186 [Thread-4] DEBUG org.tellervo.desktop.dictionary.Dictionary - Registering dictionary wmsServerDictionary with 0 entries
09 Jul 2026 21:00:45,186 [Thread-4] INFO org.tellervo.desktop.dictionary.Dictionary - Registering dictionary: wmsServerDictionary
09 Jul 2026 21:00:45,188 [MVC Thread #0] DEBUG com.dmurph.mvc.monitor.LoggingMonitor - Dispatching event 'DICTIONARY_DICTIONARY_REGISTERED' with value of 'userDefinedFieldDictionary'.
09 Jul 2026 21:00:45,188 [MVC Thread #0] DEBUG com.dmurph.mvc.monitor.LoggingMonitor - Dispatching event 'DICTIONARY_DICTIONARY_REGISTERED' with value of 'userDefinedFieldDictionary'.
09 Jul 2026 21:00:45,435 [AWT-EventQueue-0] DEBUG org.tellervo.desktop.wsi.ResourceCacher - Unloading resource cacher for dictionaries
09 Jul 2026 21:00:53,335 [AWT-EventQueue-0] DEBUG org.tellervo.desktop.wsi.ResourceCacher - Unloading resource cacher for tridas.projects
09 Jul 2026 21:01:07,586 [AWT-EventQueue-0] DEBUG org.tellervo.desktop.wsi.ResourceCacher - Unloading resource cacher for tridas.objects
09 Jul 2026 21:04:49,163 [AWT-EventQueue-0] DEBUG org.tellervo.desktop.tridasv2.ui.support.TridasEntityDeriver - No property data for serialVersionUID as long
09 Jul 2026 21:04:49,163 [AWT-EventQueue-0] DEBUG org.tellervo.desktop.tridasv2.ui.support.TridasEntityDeriver - Setting up field Title
09 Jul 2026 21:04:49,163 [AWT-EventQueue-0] DEBUG org.tellervo.desktop.tridasv2.ui.support.TridasEntityDeriver - Setting up field Identifier
09 Jul 2026 21:04:49,163 [AWT-EventQueue-0] DEBUG org.tellervo.desktop.tridasv2.ui.support.TridasEntityDeriver - Setting up field Created timestamp
09 Jul 2026 21:04:49,163 [AWT-EventQueue-0] DEBUG org.tellervo.desktop.tridasv2.ui.support.TridasEntityDeriver - Setting up field Last modified timestamp
09 Jul 2026 21:04:49,163 [AWT-EventQueue-0] DEBUG org.tellervo.desktop.tridasv2.ui.support.TridasEntityDeriver - Setting up field Comments
09 Jul 2026 21:04:49,163 [AWT-EventQueue-0] DEBUG org.tellervo.desktop.tridasv2.ui.support.TridasEntityDeriver - Adding projectid field to TridasObject
09 Jul 2026 21:04:49,164 [AWT-EventQueue-0] DEBUG org.tellervo.desktop.tridasv2.ui.support.TridasEntityDeriver - No property data for serialVersionUID as long
09 Jul 2026 21:04:49,164 [AWT-EventQueue-0] DEBUG org.tellervo.desktop.tridasv2.ui.support.TridasEntityDeriver - Setting up field Type
09 Jul 2026 21:04:49,164 [AWT-EventQueue-0] DEBUG org.tellervo.desktop.tridasv2.ui.support.TridasEntityDeriver - No property data for serialVersionUID as long
09 Jul 2026 21:04:49,164 [AWT-EventQueue-0] DEBUG org.tellervo.desktop.tridasv2.ui.support.TridasEntityDeriver - Setting up field Value
09 Jul 2026 21:04:49,164 [AWT-EventQueue-0] DEBUG org.tellervo.desktop.tridasv2.ui.support.TridasEntityDeriver - Setting up field Description
09 Jul 2026 21:04:49,164 [AWT-EventQueue-0] DEBUG org.tellervo.desktop.tridasv2.ui.support.TridasEntityDeriver - Setting up field Link series
09 Jul 2026 21:04:49,164 [AWT-EventQueue-0] DEBUG org.tellervo.desktop.tridasv2.ui.support.TridasEntityDeriver - Setting up field Files
09 Jul 2026 21:04:49,164 [AWT-EventQueue-0] DEBUG org.tellervo.desktop.tridasv2.ui.support.TridasEntityDeriver - Setting up field Creator
09 Jul 2026 21:04:49,164 [AWT-EventQueue-0] DEBUG org.tellervo.desktop.tridasv2.ui.support.TridasEntityDeriver - Setting up field Owner
09 Jul 2026 21:04:49,164 [AWT-EventQueue-0] DEBUG org.tellervo.desktop.tridasv2.ui.support.TridasEntityDeriver - Setting up field Coverage
09 Jul 2026 21:04:49,164 [AWT-EventQueue-0] DEBUG org.tellervo.desktop.tridasv2.ui.support.TridasEntityDeriver - Setting up field Location
09 Jul 2026 21:04:49,164 [AWT-EventQueue-0] DEBUG org.tellervo.desktop.tridasv2.ui.support.TridasEntityDeriver - No property data for serialVersionUID as long
09 Jul 2026 21:04:49,164 [AWT-EventQueue-0] DEBUG org.tellervo.desktop.tridasv2.ui.support.TridasEntityDeriver - Setting up field Location geometry
09 Jul 2026 21:04:49,164 [AWT-EventQueue-0] DEBUG org.tellervo.desktop.tridasv2.ui.support.TridasEntityDeriver - Setting up field Location type
09 Jul 2026 21:04:49,164 [AWT-EventQueue-0] DEBUG org.tellervo.desktop.tridasv2.ui.support.TridasEntityDeriver - Setting up field Location precision
09 Jul 2026 21:04:49,164 [AWT-EventQueue-0] DEBUG org.tellervo.desktop.tridasv2.ui.support.TridasEntityDeriver - Setting up field Location comment
09 Jul 2026 21:04:49,164 [AWT-EventQueue-0] DEBUG org.tellervo.desktop.tridasv2.ui.support.TridasEntityDeriver - Setting up field Address
09 Jul 2026 21:04:49,165 [AWT-EventQueue-0] DEBUG org.tellervo.desktop.tridasv2.ui.support.TridasEntityDeriver - No property data for serialVersionUID as long
09 Jul 2026 21:04:49,165 [AWT-EventQueue-0] DEBUG org.tellervo.desktop.tridasv2.ui.support.TridasEntityDeriver - Setting up field Address line1
09 Jul 2026 21:04:49,165 [AWT-EventQueue-0] DEBUG org.tellervo.desktop.tridasv2.ui.support.TridasEntityDeriver - Setting up field Address line2
09 Jul 2026 21:04:49,165 [AWT-EventQueue-0] DEBUG org.tellervo.desktop.tridasv2.ui.support.TridasEntityDeriver - Setting up field City or town
09 Jul 2026 21:04:49,165 [AWT-EventQueue-0] DEBUG org.tellervo.desktop.tridasv2.ui.support.TridasEntityDeriver - Setting up field State province region
09 Jul 2026 21:04:49,165 [AWT-EventQueue-0] DEBUG org.tellervo.desktop.tridasv2.ui.support.TridasEntityDeriver - Setting up field Postal code
09 Jul 2026 21:04:49,165 [AWT-EventQueue-0] DEBUG org.tellervo.desktop.tridasv2.ui.support.TridasEntityDeriver - Setting up field Country
09 Jul 2026 21:04:49,165 [AWT-EventQueue-0] DEBUG org.tellervo.desktop.tridasv2.ui.support.TridasEntityDeriver - Setting up field Code
09 Jul 2026 21:04:49,165 [AWT-EventQueue-0] DEBUG org.tellervo.desktop.tridasv2.ui.support.TridasEntityDeriver - Setting up field Objects
09 Jul 2026 21:04:49,165 [AWT-EventQueue-0] DEBUG org.tellervo.desktop.tridasv2.ui.support.TridasEntityDeriver - Setting up field Elements
09 Jul 2026 21:04:49,173 [AWT-EventQueue-0] DEBUG org.tellervo.desktop.gui.widgets.ManagementTreeViewPanel - Setting up multi-tree
09 Jul 2026 21:04:49,174 [AWT-EventQueue-0] DEBUG org.tellervo.desktop.gui.widgets.TridasTreeViewPanel - Starting to get object list from dictionary
09 Jul 2026 21:04:49,174 [AWT-EventQueue-0] DEBUG org.tellervo.desktop.gui.widgets.TridasTreeViewPanel - Finished getting object list from dictionary
09 Jul 2026 21:04:49,174 [AWT-EventQueue-0] DEBUG org.tellervo.desktop.gui.widgets.TridasTreeViewPanel - Beginning to loop through object list and adding to tree in order
09 Jul 2026 21:04:49,285 [AWT-EventQueue-0] DEBUG org.tellervo.desktop.gui.widgets.TridasTreeViewPanel - Finished adding objects to tree in order
09 Jul 2026 21:04:49,375 [AWT-EventQueue-0] DEBUG org.tellervo.desktop.gui.widgets.ManagementTreeViewPanel - Adding mouse listener...
09 Jul 2026 21:04:49,376 [AWT-EventQueue-0] DEBUG org.tellervo.desktop.gui.widgets.ManagementTreeViewPanel - Finished setting up multi-tree
09 Jul 2026 21:04:49,537 [AWT-EventQueue-0] DEBUG org.tellervo.desktop.tridasv2.ui.TridasListRenderer - TridasListRenderer called for null
09 Jul 2026 21:04:49,537 [AWT-EventQueue-0] DEBUG org.tellervo.desktop.tridasv2.ui.TridasListRenderer - TridasListRenderer called for null
09 Jul 2026 21:04:51,276 [AWT-EventQueue-0] DEBUG org.tellervo.desktop.tridasv2.ui.support.TridasEntityDeriver - No property data for serialVersionUID as long
09 Jul 2026 21:04:51,276 [AWT-EventQueue-0] DEBUG org.tellervo.desktop.tridasv2.ui.support.TridasEntityDeriver - Setting up field Title
09 Jul 2026 21:04:51,276 [AWT-EventQueue-0] DEBUG org.tellervo.desktop.tridasv2.ui.support.TridasEntityDeriver - Setting up field Identifier
09 Jul 2026 21:04:51,276 [AWT-EventQueue-0] DEBUG org.tellervo.desktop.tridasv2.ui.support.TridasEntityDeriver - Setting up field Created timestamp
09 Jul 2026 21:04:51,276 [AWT-EventQueue-0] DEBUG org.tellervo.desktop.tridasv2.ui.support.TridasEntityDeriver - Setting up field Last modified timestamp
09 Jul 2026 21:04:51,276 [AWT-EventQueue-0] DEBUG org.tellervo.desktop.tridasv2.ui.support.TridasEntityDeriver - Setting up field Comments
09 Jul 2026 21:04:51,276 [AWT-EventQueue-0] DEBUG org.tellervo.desktop.tridasv2.ui.support.TridasEntityDeriver - Adding projectid field to TridasObject
09 Jul 2026 21:04:51,277 [AWT-EventQueue-0] DEBUG org.tellervo.desktop.tridasv2.ui.support.TridasEntityDeriver - No property data for serialVersionUID as long
09 Jul 2026 21:04:51,277 [AWT-EventQueue-0] DEBUG org.tellervo.desktop.tridasv2.ui.support.TridasEntityDeriver - Setting up field Type
09 Jul 2026 21:04:51,277 [AWT-EventQueue-0] DEBUG org.tellervo.desktop.tridasv2.ui.support.TridasEntityDeriver - No property data for serialVersionUID as long
09 Jul 2026 21:04:51,277 [AWT-EventQueue-0] DEBUG org.tellervo.desktop.tridasv2.ui.support.TridasEntityDeriver - Setting up field Value
09 Jul 2026 21:04:51,277 [AWT-EventQueue-0] DEBUG org.tellervo.desktop.tridasv2.ui.support.TridasEntityDeriver - Setting up field Description
09 Jul 2026 21:04:51,277 [AWT-EventQueue-0] DEBUG org.tellervo.desktop.tridasv2.ui.support.TridasEntityDeriver - Setting up field Link series
09 Jul 2026 21:04:51,277 [AWT-EventQueue-0] DEBUG org.tellervo.desktop.tridasv2.ui.support.TridasEntityDeriver - Setting up field Files
09 Jul 2026 21:04:51,278 [AWT-EventQueue-0] DEBUG org.tellervo.desktop.tridasv2.ui.support.TridasEntityDeriver - Setting up field Creator
09 Jul 2026 21:04:51,278 [AWT-EventQueue-0] DEBUG org.tellervo.desktop.tridasv2.ui.support.TridasEntityDeriver - Setting up field Owner
09 Jul 2026 21:04:51,278 [AWT-EventQueue-0] DEBUG org.tellervo.desktop.tridasv2.ui.support.TridasEntityDeriver - Setting up field Coverage
09 Jul 2026 21:04:51,278 [AWT-EventQueue-0] DEBUG org.tellervo.desktop.tridasv2.ui.support.TridasEntityDeriver - Setting up field Location
09 Jul 2026 21:04:51,278 [AWT-EventQueue-0] DEBUG org.tellervo.desktop.tridasv2.ui.support.TridasEntityDeriver - No property data for serialVersionUID as long
09 Jul 2026 21:04:51,278 [AWT-EventQueue-0] DEBUG org.tellervo.desktop.tridasv2.ui.support.TridasEntityDeriver - Setting up field Location geometry
09 Jul 2026 21:04:51,278 [AWT-EventQueue-0] DEBUG org.tellervo.desktop.tridasv2.ui.support.TridasEntityDeriver - Setting up field Location type
09 Jul 2026 21:04:51,278 [AWT-EventQueue-0] DEBUG org.tellervo.desktop.tridasv2.ui.support.TridasEntityDeriver - Setting up field Location precision
09 Jul 2026 21:04:51,278 [AWT-EventQueue-0] DEBUG org.tellervo.desktop.tridasv2.ui.support.TridasEntityDeriver - Setting up field Location comment
09 Jul 2026 21:04:51,279 [AWT-EventQueue-0] DEBUG org.tellervo.desktop.tridasv2.ui.support.TridasEntityDeriver - Setting up field Address
09 Jul 2026 21:04:51,279 [AWT-EventQueue-0] DEBUG org.tellervo.desktop.tridasv2.ui.support.TridasEntityDeriver - No property data for serialVersionUID as long
09 Jul 2026 21:04:51,279 [AWT-EventQueue-0] DEBUG org.tellervo.desktop.tridasv2.ui.support.TridasEntityDeriver - Setting up field Address line1
09 Jul 2026 21:04:51,279 [AWT-EventQueue-0] DEBUG org.tellervo.desktop.tridasv2.ui.support.TridasEntityDeriver - Setting up field Address line2
09 Jul 2026 21:04:51,279 [AWT-EventQueue-0] DEBUG org.tellervo.desktop.tridasv2.ui.support.TridasEntityDeriver - Setting up field City or town
09 Jul 2026 21:04:51,279 [AWT-EventQueue-0] DEBUG org.tellervo.desktop.tridasv2.ui.support.TridasEntityDeriver - Setting up field State province region
09 Jul 2026 21:04:51,279 [AWT-EventQueue-0] DEBUG org.tellervo.desktop.tridasv2.ui.support.TridasEntityDeriver - Setting up field Postal code
09 Jul 2026 21:04:51,279 [AWT-EventQueue-0] DEBUG org.tellervo.desktop.tridasv2.ui.support.TridasEntityDeriver - Setting up field Country
09 Jul 2026 21:04:51,279 [AWT-EventQueue-0] DEBUG org.tellervo.desktop.tridasv2.ui.support.TridasEntityDeriver - Setting up field Code
09 Jul 2026 21:04:51,280 [AWT-EventQueue-0] DEBUG org.tellervo.desktop.tridasv2.ui.support.TridasEntityDeriver - Setting up field Objects
09 Jul 2026 21:04:51,280 [AWT-EventQueue-0] DEBUG org.tellervo.desktop.tridasv2.ui.support.TridasEntityDeriver - Setting up field Elements
09 Jul 2026 21:04:51,328 [AWT-EventQueue-0] DEBUG org.tellervo.desktop.tridasv2.ui.TridasListRenderer - TridasListRenderer called for []
09 Jul 2026 21:04:51,328 [AWT-EventQueue-0] DEBUG org.tellervo.desktop.tridasv2.ui.TridasListRenderer - TridasListRenderer called for []
09 Jul 2026 21:05:00,370 [AWT-EventQueue-0] DEBUG org.tellervo.desktop.tridasv2.ui.support.TridasEntityDeriver - No property data for serialVersionUID as long
09 Jul 2026 21:05:00,370 [AWT-EventQueue-0] DEBUG org.tellervo.desktop.tridasv2.ui.support.TridasEntityDeriver - Setting up field Title
09 Jul 2026 21:05:00,370 [AWT-EventQueue-0] DEBUG org.tellervo.desktop.tridasv2.ui.support.TridasEntityDeriver - Setting up field Identifier
09 Jul 2026 21:05:00,370 [AWT-EventQueue-0] DEBUG org.tellervo.desktop.tridasv2.ui.support.TridasEntityDeriver - Setting up field Created timestamp
09 Jul 2026 21:05:00,370 [AWT-EventQueue-0] DEBUG org.tellervo.desktop.tridasv2.ui.support.TridasEntityDeriver - Setting up field Last modified timestamp
09 Jul 2026 21:05:00,370 [AWT-EventQueue-0] DEBUG org.tellervo.desktop.tridasv2.ui.support.TridasEntityDeriver - Setting up field Comments
09 Jul 2026 21:05:00,371 [AWT-EventQueue-0] DEBUG org.tellervo.desktop.tridasv2.ui.support.TridasEntityDeriver - Adding projectid field to TridasObject
09 Jul 2026 21:05:00,371 [AWT-EventQueue-0] DEBUG org.tellervo.desktop.tridasv2.ui.support.TridasEntityDeriver - No property data for serialVersionUID as long
09 Jul 2026 21:05:00,371 [AWT-EventQueue-0] DEBUG org.tellervo.desktop.tridasv2.ui.support.TridasEntityDeriver - Setting up field Type
09 Jul 2026 21:05:00,371 [AWT-EventQueue-0] DEBUG org.tellervo.desktop.tridasv2.ui.support.TridasEntityDeriver - No property data for serialVersionUID as long
09 Jul 2026 21:05:00,371 [AWT-EventQueue-0] DEBUG org.tellervo.desktop.tridasv2.ui.support.TridasEntityDeriver - Setting up field Value
09 Jul 2026 21:05:00,371 [AWT-EventQueue-0] DEBUG org.tellervo.desktop.tridasv2.ui.support.TridasEntityDeriver - Setting up field Description
09 Jul 2026 21:05:00,371 [AWT-EventQueue-0] DEBUG org.tellervo.desktop.tridasv2.ui.support.TridasEntityDeriver - Setting up field Link series
09 Jul 2026 21:05:00,372 [AWT-EventQueue-0] DEBUG org.tellervo.desktop.tridasv2.ui.support.TridasEntityDeriver - Setting up field Files
09 Jul 2026 21:05:00,372 [AWT-EventQueue-0] DEBUG org.tellervo.desktop.tridasv2.ui.support.TridasEntityDeriver - Setting up field Creator
09 Jul 2026 21:05:00,372 [AWT-EventQueue-0] DEBUG org.tellervo.desktop.tridasv2.ui.support.TridasEntityDeriver - Setting up field Owner
09 Jul 2026 21:05:00,372 [AWT-EventQueue-0] DEBUG org.tellervo.desktop.tridasv2.ui.support.TridasEntityDeriver - Setting up field Coverage
09 Jul 2026 21:05:00,372 [AWT-EventQueue-0] DEBUG org.tellervo.desktop.tridasv2.ui.support.TridasEntityDeriver - Setting up field Location
09 Jul 2026 21:05:00,372 [AWT-EventQueue-0] DEBUG org.tellervo.desktop.tridasv2.ui.support.TridasEntityDeriver - No property data for serialVersionUID as long
09 Jul 2026 21:05:00,372 [AWT-EventQueue-0] DEBUG org.tellervo.desktop.tridasv2.ui.support.TridasEntityDeriver - Setting up field Location geometry
09 Jul 2026 21:05:00,372 [AWT-EventQueue-0] DEBUG org.tellervo.desktop.tridasv2.ui.support.TridasEntityDeriver - Setting up field Location type
09 Jul 2026 21:05:00,372 [AWT-EventQueue-0] DEBUG org.tellervo.desktop.tridasv2.ui.support.TridasEntityDeriver - Setting up field Location precision
09 Jul 2026 21:05:00,373 [AWT-EventQueue-0] DEBUG org.tellervo.desktop.tridasv2.ui.support.TridasEntityDeriver - Setting up field Location comment
09 Jul 2026 21:05:00,373 [AWT-EventQueue-0] DEBUG org.tellervo.desktop.tridasv2.ui.support.TridasEntityDeriver - Setting up field Address
09 Jul 2026 21:05:00,373 [AWT-EventQueue-0] DEBUG org.tellervo.desktop.tridasv2.ui.support.TridasEntityDeriver - No property data for serialVersionUID as long
09 Jul 2026 21:05:00,373 [AWT-EventQueue-0] DEBUG org.tellervo.desktop.tridasv2.ui.support.TridasEntityDeriver - Setting up field Address line1
09 Jul 2026 21:05:00,373 [AWT-EventQueue-0] DEBUG org.tellervo.desktop.tridasv2.ui.support.TridasEntityDeriver - Setting up field Address line2
09 Jul 2026 21:05:00,373 [AWT-EventQueue-0] DEBUG org.tellervo.desktop.tridasv2.ui.support.TridasEntityDeriver - Setting up field City or town
09 Jul 2026 21:05:00,373 [AWT-EventQueue-0] DEBUG org.tellervo.desktop.tridasv2.ui.support.TridasEntityDeriver - Setting up field State province region
09 Jul 2026 21:05:00,373 [AWT-EventQueue-0] DEBUG org.tellervo.desktop.tridasv2.ui.support.TridasEntityDeriver - Setting up field Postal code
09 Jul 2026 21:05:00,373 [AWT-EventQueue-0] DEBUG org.tellervo.desktop.tridasv2.ui.support.TridasEntityDeriver - Setting up field Country
09 Jul 2026 21:05:00,374 [AWT-EventQueue-0] DEBUG org.tellervo.desktop.tridasv2.ui.support.TridasEntityDeriver - Setting up field Code
09 Jul 2026 21:05:00,374 [AWT-EventQueue-0] DEBUG org.tellervo.desktop.tridasv2.ui.support.TridasEntityDeriver - Setting up field Objects
09 Jul 2026 21:05:00,374 [AWT-EventQueue-0] DEBUG org.tellervo.desktop.tridasv2.ui.support.TridasEntityDeriver - Setting up field Elements
09 Jul 2026 21:05:00,418 [AWT-EventQueue-0] DEBUG org.tellervo.desktop.tridasv2.ui.TridasListRenderer - TridasListRenderer called for []
09 Jul 2026 21:05:00,419 [AWT-EventQueue-0] DEBUG org.tellervo.desktop.tridasv2.ui.TridasListRenderer - TridasListRenderer called for []
09 Jul 2026 21:07:46,292 [main] DEBUG org.tellervo.desktop.core.App - initializing App
09 Jul 2026 21:07:46,369 [main] DEBUG org.tellervo.desktop.prefs.Prefs - Loading preferences
09 Jul 2026 21:07:46,371 [main] DEBUG org.tellervo.desktop.prefs.Prefs - iterating prefs
09 Jul 2026 21:07:46,550 [main] DEBUG org.tellervo.desktop.nativeloader.RxTxNativeLoader - OS = Linux
09 Jul 2026 21:07:46,551 [main] DEBUG org.tellervo.desktop.nativeloader.RxTxNativeLoader - Architecture = amd64
09 Jul 2026 21:07:46,551 [main] DEBUG org.tellervo.desktop.nativeloader.RxTxNativeLoader - Linux RXTX dependencies should be handled by native package manager
09 Jul 2026 21:07:46,795 [main] WARN org.tellervo.desktop.ui.Builder - Unabled to find icon warning.png.  Replacing with the 'missing icon' icon.
09 Jul 2026 21:07:47,006 [main] DEBUG org.tellervo.desktop.hardware.device.HeidenhainND287 - Setting Heidenhain default port parameters
09 Jul 2026 21:07:47,022 [main] DEBUG org.tellervo.desktop.prefs.Prefs - Saving preferences...
09 Jul 2026 21:07:47,103 [main] DEBUG org.tellervo.desktop.hardware.device.HeidenhainND287 - Setting Heidenhain default port parameters
09 Jul 2026 21:07:47,985 [Finalizer] ERROR org.tellervo.desktop.hardware.AbstractSerialMeasuringDevice - The specified port does not exist on this computer. 
Please check and try again.
09 Jul 2026 21:07:47,989 [Finalizer] DEBUG org.tellervo.desktop.hardware.AbstractMeasuringDevice - Measurement receiver is null
09 Jul 2026 21:07:48,110 [main] INFO org.tellervo.desktop.core.ProxyManager - Proxy type: default
09 Jul 2026 21:07:48,569 [main] WARN org.tridas.io.defaults.values.StringDefaultValue - The string 'Unnamed series' is too big and must be truncated.  Maximum length is 8 characters.
09 Jul 2026 21:07:48,676 [main] DEBUG org.tellervo.desktop.gui.LoginDialog - Setting default focus to username field
09 Jul 2026 21:07:59,486 [AWT-EventQueue-0] DEBUG org.tellervo.desktop.prefs.wrappers.URLComponentWrapper - URL selected in combo box
09 Jul 2026 21:07:59,486 [AWT-EventQueue-0] DEBUG org.tellervo.desktop.prefs.Prefs - Saving preferences...
09 Jul 2026 21:08:00,673 [AWT-EventQueue-0] DEBUG org.tellervo.desktop.wsi.WSIServerDetails - Network adapter 'veth1766f98' is up
09 Jul 2026 21:08:00,673 [AWT-EventQueue-0] DEBUG org.tellervo.desktop.wsi.WSIServerDetails - Network adapter 'veth4eb20c5' is up
09 Jul 2026 21:08:00,673 [AWT-EventQueue-0] DEBUG org.tellervo.desktop.wsi.WSIServerDetails - Network adapter 'vethb73165c' is up
09 Jul 2026 21:08:00,673 [AWT-EventQueue-0] DEBUG org.tellervo.desktop.wsi.WSIServerDetails - Network adapter 'veth6053c7e' is up
09 Jul 2026 21:08:00,673 [AWT-EventQueue-0] DEBUG org.tellervo.desktop.wsi.WSIServerDetails - Network adapter 'br-f09ca0b67e1d' is up
09 Jul 2026 21:08:00,673 [AWT-EventQueue-0] DEBUG org.tellervo.desktop.wsi.WSIServerDetails - Network adapter 'docker0' is up
09 Jul 2026 21:08:00,673 [AWT-EventQueue-0] DEBUG org.tellervo.desktop.wsi.WSIServerDetails - Network adapter 'wlp3s0' is up
09 Jul 2026 21:08:00,699 [AWT-EventQueue-0] DEBUG org.tellervo.desktop.wsi.util.WSCookieStoreHandler - Sucessfully loaded cookie store: /home/pbrewer/.tellervo/WebCookieStore
09 Jul 2026 21:08:01,966 [AWT-EventQueue-0] DEBUG org.tellervo.desktop.wsi.WSIServerDetails - Checking if server is valid...
09 Jul 2026 21:08:01,966 [AWT-EventQueue-0] DEBUG org.tellervo.desktop.wsi.WSIServerDetails - Earliest server version accepted is : 1 . 3 . 2
09 Jul 2026 21:08:01,967 [AWT-EventQueue-0] DEBUG org.tellervo.desktop.wsi.WSIServerDetails - Actual server version is            : 1 . 3 . 2
09 Jul 2026 21:08:01,967 [AWT-EventQueue-0] DEBUG org.tellervo.desktop.wsi.WSIServerDetails - Server is valid
09 Jul 2026 21:08:01,967 [AWT-EventQueue-0] DEBUG org.tellervo.desktop.wsi.WSIServerDetails - Checking if server is valid...
09 Jul 2026 21:08:01,968 [AWT-EventQueue-0] DEBUG org.tellervo.desktop.wsi.WSIServerDetails - Earliest server version accepted is : 1 . 3 . 2
09 Jul 2026 21:08:01,968 [AWT-EventQueue-0] DEBUG org.tellervo.desktop.wsi.WSIServerDetails - Actual server version is            : 1 . 3 . 2
09 Jul 2026 21:08:01,968 [AWT-EventQueue-0] DEBUG org.tellervo.desktop.wsi.WSIServerDetails - Server is valid
09 Jul 2026 21:08:02,215 [Thread-2] DEBUG org.tellervo.desktop.wsi.tellervo.TellervoSchema - Successfully loaded schema: xlinks.xsd
09 Jul 2026 21:08:02,215 [Thread-2] DEBUG org.tellervo.desktop.wsi.tellervo.TellervoSchema - Successfully loaded schema: gmlsf.xsd
09 Jul 2026 21:08:02,215 [Thread-2] DEBUG org.tellervo.desktop.wsi.tellervo.TellervoSchema - Successfully loaded schema: tridas.xsd
09 Jul 2026 21:08:02,215 [Thread-2] DEBUG org.tellervo.desktop.wsi.tellervo.TellervoSchema - Successfully loaded schema: tellervo.xsd
09 Jul 2026 21:08:03,011 [AWT-EventQueue-0] DEBUG org.tellervo.desktop.wsi.WSIServerDetails - Network adapter 'veth1766f98' is up
09 Jul 2026 21:08:03,011 [AWT-EventQueue-0] DEBUG org.tellervo.desktop.wsi.WSIServerDetails - Network adapter 'veth4eb20c5' is up
09 Jul 2026 21:08:03,011 [AWT-EventQueue-0] DEBUG org.tellervo.desktop.wsi.WSIServerDetails - Network adapter 'vethb73165c' is up
09 Jul 2026 21:08:03,011 [AWT-EventQueue-0] DEBUG org.tellervo.desktop.wsi.WSIServerDetails - Network adapter 'veth6053c7e' is up
09 Jul 2026 21:08:03,011 [AWT-EventQueue-0] DEBUG org.tellervo.desktop.wsi.WSIServerDetails - Network adapter 'br-f09ca0b67e1d' is up
09 Jul 2026 21:08:03,011 [AWT-EventQueue-0] DEBUG org.tellervo.desktop.wsi.WSIServerDetails - Network adapter 'docker0' is up
09 Jul 2026 21:08:03,011 [AWT-EventQueue-0] DEBUG org.tellervo.desktop.wsi.WSIServerDetails - Network adapter 'wlp3s0' is up
09 Jul 2026 21:08:03,568 [AWT-EventQueue-0] DEBUG org.tellervo.desktop.wsi.WSIServerDetails - Checking if server is valid...
09 Jul 2026 21:08:03,568 [AWT-EventQueue-0] DEBUG org.tellervo.desktop.wsi.WSIServerDetails - Earliest server version accepted is : 1 . 3 . 2
09 Jul 2026 21:08:03,568 [AWT-EventQueue-0] DEBUG org.tellervo.desktop.wsi.WSIServerDetails - Actual server version is            : 1 . 3 . 2
09 Jul 2026 21:08:03,568 [AWT-EventQueue-0] DEBUG org.tellervo.desktop.wsi.WSIServerDetails - Server is valid
09 Jul 2026 21:08:03,568 [AWT-EventQueue-0] DEBUG org.tellervo.desktop.wsi.WSIServerDetails - Checking if server is valid...
09 Jul 2026 21:08:03,568 [AWT-EventQueue-0] DEBUG org.tellervo.desktop.wsi.WSIServerDetails - Earliest server version accepted is : 1 . 3 . 2
09 Jul 2026 21:08:03,568 [AWT-EventQueue-0] DEBUG org.tellervo.desktop.wsi.WSIServerDetails - Actual server version is            : 1 . 3 . 2
09 Jul 2026 21:08:03,568 [AWT-EventQueue-0] DEBUG org.tellervo.desktop.wsi.WSIServerDetails - Server is valid
09 Jul 2026 21:08:04,208 [main] DEBUG org.tellervo.desktop.prefs.Prefs - Saving preferences...
09 Jul 2026 21:08:04,210 [main] DEBUG org.tellervo.desktop.prefs.Prefs - Saving preferences...
09 Jul 2026 21:08:04,211 [main] DEBUG org.tellervo.desktop.prefs.Prefs - Saving preferences...
09 Jul 2026 21:08:04,212 [main] DEBUG org.tellervo.desktop.prefs.Prefs - Saving preferences...
09 Jul 2026 21:08:04,213 [main] DEBUG org.tellervo.desktop.prefs.Prefs - Saving preferences...
09 Jul 2026 21:08:04,704 [main] DEBUG org.tellervo.desktop.dictionary.Dictionary - Registering dictionary projectTypeDictionary with 16 entries
09 Jul 2026 21:08:04,705 [main] INFO org.tellervo.desktop.dictionary.Dictionary - Registering dictionary: projectTypeDictionary
09 Jul 2026 21:08:04,707 [main] WARN com.dmurph.mvc.monitor.LoggingMonitor - There are no listeners for event key 'DICTIONARY_DICTIONARY_REGISTERED'
09 Jul 2026 21:08:04,708 [main] DEBUG org.tellervo.desktop.dictionary.Dictionary - Registering dictionary objectTypeDictionary with 1007 entries
09 Jul 2026 21:08:04,708 [main] INFO org.tellervo.desktop.dictionary.Dictionary - Registering dictionary: objectTypeDictionary
09 Jul 2026 21:08:04,708 [main] WARN com.dmurph.mvc.monitor.LoggingMonitor - There are no listeners for event key 'DICTIONARY_DICTIONARY_REGISTERED'
09 Jul 2026 21:08:04,709 [main] DEBUG org.tellervo.desktop.dictionary.Dictionary - Registering dictionary elementTypeDictionary with 995 entries
09 Jul 2026 21:08:04,709 [main] INFO org.tellervo.desktop.dictionary.Dictionary - Registering dictionary: elementTypeDictionary
09 Jul 2026 21:08:04,709 [main] WARN com.dmurph.mvc.monitor.LoggingMonitor - There are no listeners for event key 'DICTIONARY_DICTIONARY_REGISTERED'
09 Jul 2026 21:08:04,710 [main] DEBUG org.tellervo.desktop.dictionary.Dictionary - Registering dictionary sampleTypeDictionary with 9 entries
09 Jul 2026 21:08:04,710 [main] INFO org.tellervo.desktop.dictionary.Dictionary - Registering dictionary: sampleTypeDictionary
09 Jul 2026 21:08:04,710 [main] WARN com.dmurph.mvc.monitor.LoggingMonitor - There are no listeners for event key 'DICTIONARY_DICTIONARY_REGISTERED'
09 Jul 2026 21:08:04,710 [main] DEBUG org.tellervo.desktop.dictionary.Dictionary - Registering dictionary coverageTemporalDictionary with 7 entries
09 Jul 2026 21:08:04,711 [main] INFO org.tellervo.desktop.dictionary.Dictionary - Registering dictionary: coverageTemporalDictionary
09 Jul 2026 21:08:04,711 [main] WARN com.dmurph.mvc.monitor.LoggingMonitor - There are no listeners for event key 'DICTIONARY_DICTIONARY_REGISTERED'
09 Jul 2026 21:08:04,711 [main] DEBUG org.tellervo.desktop.dictionary.Dictionary - Registering dictionary coverageTemporalFoundationDictionary with 6 entries
09 Jul 2026 21:08:04,711 [main] INFO org.tellervo.desktop.dictionary.Dictionary - Registering dictionary: coverageTemporalFoundationDictionary
09 Jul 2026 21:08:04,712 [main] WARN com.dmurph.mvc.monitor.LoggingMonitor - There are no listeners for event key 'DICTIONARY_DICTIONARY_REGISTERED'
09 Jul 2026 21:08:04,712 [main] DEBUG org.tellervo.desktop.dictionary.Dictionary - Registering dictionary elementAuthenticityDictionary with 0 entries
09 Jul 2026 21:08:04,712 [main] INFO org.tellervo.desktop.dictionary.Dictionary - Registering dictionary: elementAuthenticityDictionary
09 Jul 2026 21:08:04,712 [main] WARN com.dmurph.mvc.monitor.LoggingMonitor - There are no listeners for event key 'DICTIONARY_DICTIONARY_REGISTERED'
09 Jul 2026 21:08:04,713 [main] DEBUG org.tellervo.desktop.dictionary.Dictionary - Registering dictionary datingTypeDictionary with 4 entries
09 Jul 2026 21:08:04,713 [main] INFO org.tellervo.desktop.dictionary.Dictionary - Registering dictionary: datingTypeDictionary
09 Jul 2026 21:08:04,713 [main] WARN com.dmurph.mvc.monitor.LoggingMonitor - There are no listeners for event key 'DICTIONARY_DICTIONARY_REGISTERED'
09 Jul 2026 21:08:04,713 [main] DEBUG org.tellervo.desktop.dictionary.Dictionary - Registering dictionary taxonDictionary with 867 entries
09 Jul 2026 21:08:04,713 [main] INFO org.tellervo.desktop.dictionary.Dictionary - Registering dictionary: taxonDictionary
09 Jul 2026 21:08:04,713 [main] WARN com.dmurph.mvc.monitor.LoggingMonitor - There are no listeners for event key 'DICTIONARY_DICTIONARY_REGISTERED'
09 Jul 2026 21:08:04,714 [main] DEBUG org.tellervo.desktop.dictionary.Dictionary - Registering dictionary configurationDictionary with 2 entries
09 Jul 2026 21:08:04,714 [main] INFO org.tellervo.desktop.dictionary.Dictionary - Registering dictionary: configurationDictionary
09 Jul 2026 21:08:04,714 [main] WARN com.dmurph.mvc.monitor.LoggingMonitor - There are no listeners for event key 'DICTIONARY_DICTIONARY_REGISTERED'
09 Jul 2026 21:08:04,714 [main] DEBUG org.tellervo.desktop.dictionary.Dictionary - Registering dictionary sampleStatusDictionary with 8 entries
09 Jul 2026 21:08:04,714 [main] INFO org.tellervo.desktop.dictionary.Dictionary - Registering dictionary: sampleStatusDictionary
09 Jul 2026 21:08:04,714 [main] WARN com.dmurph.mvc.monitor.LoggingMonitor - There are no listeners for event key 'DICTIONARY_DICTIONARY_REGISTERED'
09 Jul 2026 21:08:04,715 [main] DEBUG org.tellervo.desktop.dictionary.Dictionary - Registering dictionary userDefinedFieldDictionary with 34 entries
09 Jul 2026 21:08:04,715 [main] INFO org.tellervo.desktop.dictionary.Dictionary - Registering dictionary: userDefinedFieldDictionary
09 Jul 2026 21:08:04,715 [main] WARN com.dmurph.mvc.monitor.LoggingMonitor - There are no listeners for event key 'DICTIONARY_DICTIONARY_REGISTERED'
09 Jul 2026 21:08:04,715 [main] DEBUG org.tellervo.desktop.dictionary.Dictionary - Registering dictionary userDefinedTermDictionary with 335 entries
09 Jul 2026 21:08:04,715 [main] INFO org.tellervo.desktop.dictionary.Dictionary - Registering dictionary: userDefinedTermDictionary
09 Jul 2026 21:08:04,715 [main] WARN com.dmurph.mvc.monitor.LoggingMonitor - There are no listeners for event key 'DICTIONARY_DICTIONARY_REGISTERED'
09 Jul 2026 21:08:04,716 [main] DEBUG org.tellervo.desktop.dictionary.Dictionary - Registering dictionary projectCategoryDictionary with 10 entries
09 Jul 2026 21:08:04,716 [main] INFO org.tellervo.desktop.dictionary.Dictionary - Registering dictionary: projectCategoryDictionary
09 Jul 2026 21:08:04,716 [main] WARN com.dmurph.mvc.monitor.LoggingMonitor - There are no listeners for event key 'DICTIONARY_DICTIONARY_REGISTERED'
09 Jul 2026 21:08:04,716 [main] DEBUG org.tellervo.desktop.dictionary.Dictionary - Registering dictionary securityUserDictionary with 44 entries
09 Jul 2026 21:08:04,716 [main] INFO org.tellervo.desktop.dictionary.Dictionary - Registering dictionary: securityUserDictionary
09 Jul 2026 21:08:04,716 [main] WARN com.dmurph.mvc.monitor.LoggingMonitor - There are no listeners for event key 'DICTIONARY_DICTIONARY_REGISTERED'
09 Jul 2026 21:08:04,717 [main] DEBUG org.tellervo.desktop.dictionary.Dictionary - Registering dictionary securityGroupDictionary with 4 entries
09 Jul 2026 21:08:04,717 [main] INFO org.tellervo.desktop.dictionary.Dictionary - Registering dictionary: securityGroupDictionary
09 Jul 2026 21:08:04,717 [main] WARN com.dmurph.mvc.monitor.LoggingMonitor - There are no listeners for event key 'DICTIONARY_DICTIONARY_REGISTERED'
09 Jul 2026 21:08:04,718 [main] DEBUG org.tellervo.desktop.dictionary.Dictionary - Registering dictionary readingNoteDictionary with 34 entries
09 Jul 2026 21:08:04,718 [main] INFO org.tellervo.desktop.dictionary.Dictionary - Registering dictionary: readingNoteDictionary
09 Jul 2026 21:08:04,718 [main] WARN com.dmurph.mvc.monitor.LoggingMonitor - There are no listeners for event key 'DICTIONARY_DICTIONARY_REGISTERED'
09 Jul 2026 21:08:04,718 [main] DEBUG org.tellervo.desktop.dictionary.Dictionary - Registering dictionary boxDictionary with 8756 entries
09 Jul 2026 21:08:04,718 [main] INFO org.tellervo.desktop.dictionary.Dictionary - Registering dictionary: boxDictionary
09 Jul 2026 21:08:04,719 [main] WARN com.dmurph.mvc.monitor.LoggingMonitor - There are no listeners for event key 'DICTIONARY_DICTIONARY_REGISTERED'
09 Jul 2026 21:08:04,719 [main] DEBUG org.tellervo.desktop.dictionary.Dictionary - Registering dictionary domainDictionary with 1 entries
09 Jul 2026 21:08:04,720 [main] INFO org.tellervo.desktop.dictionary.Dictionary - Registering dictionary: domainDictionary
09 Jul 2026 21:08:04,720 [main] WARN com.dmurph.mvc.monitor.LoggingMonitor - There are no listeners for event key 'DICTIONARY_DICTIONARY_REGISTERED'
09 Jul 2026 21:08:04,721 [main] DEBUG org.tellervo.desktop.dictionary.Dictionary - Registering dictionary wmsServerDictionary with 0 entries
09 Jul 2026 21:08:04,721 [main] INFO org.tellervo.desktop.dictionary.Dictionary - Registering dictionary: wmsServerDictionary
09 Jul 2026 21:08:04,722 [main] WARN com.dmurph.mvc.monitor.LoggingMonitor - There are no listeners for event key 'DICTIONARY_DICTIONARY_REGISTERED'
09 Jul 2026 21:08:04,725 [main] DEBUG org.tellervo.desktop.wsi.ResourceCacher - Loaded cache for dictionaries [506 ms]
09 Jul 2026 21:08:04,949 [main] DEBUG org.tellervo.desktop.wsi.ResourceCacher - Loaded cache for tridas.objects [222 ms]
09 Jul 2026 21:08:04,960 [main] DEBUG org.tellervo.desktop.wsi.ResourceCacher - Loaded cache for tridas.projects [10 ms]
09 Jul 2026 21:08:04,981 [main] DEBUG org.tellervo.desktop.gui.Startup - Computer is OpenGL capable
09 Jul 2026 21:08:05,146 [main] WARN org.tridas.io.defaults.values.StringDefaultValue - The string 'Unnamed series' is too big and must be truncated.  Maximum length is 8 characters.
09 Jul 2026 21:08:05,282 [main] DEBUG org.tellervo.desktop.editor.AbstractEditor - Item selected
09 Jul 2026 21:08:05,284 [main] DEBUG org.tellervo.desktop.editor.AbstractEditor - Init popup menu
09 Jul 2026 21:08:05,652 [Thread-7] DEBUG org.tellervo.desktop.versioning.UpdateChecker - Current version = 2.1-b779-20140310
09 Jul 2026 21:08:05,652 [Thread-7] DEBUG org.tellervo.desktop.versioning.UpdateChecker - Available versn = 2994
09 Jul 2026 21:10:05,420 [Thread-4] ERROR org.tellervo.desktop.wsi.Resource - Failed to query resource dictionaries
09 Jul 2026 21:10:05,422 [AWT-EventQueue-0] DEBUG org.tellervo.desktop.wsi.ResourceCacher - Unloading resource cacher for dictionaries
09 Jul 2026 21:10:09,481 [Thread-5] ERROR org.tellervo.desktop.wsi.Resource - Failed to query resource tridas.objects
09 Jul 2026 21:10:09,482 [AWT-EventQueue-0] DEBUG org.tellervo.desktop.wsi.ResourceCacher - Unloading resource cacher for tridas.objects
09 Jul 2026 21:10:16,958 [Thread-6] ERROR org.tellervo.desktop.wsi.Resource - Failed to query resource tridas.projects
09 Jul 2026 21:10:16,960 [AWT-EventQueue-0] DEBUG org.tellervo.desktop.wsi.ResourceCacher - Unloading resource cacher for tridas.projects
09 Jul 2026 21:10:22,460 [AWT-EventQueue-0] DEBUG org.tellervo.desktop.tridasv2.ui.support.TridasEntityDeriver - No property data for serialVersionUID as long
09 Jul 2026 21:10:22,460 [AWT-EventQueue-0] DEBUG org.tellervo.desktop.tridasv2.ui.support.TridasEntityDeriver - Setting up field Title
09 Jul 2026 21:10:22,461 [AWT-EventQueue-0] DEBUG org.tellervo.desktop.tridasv2.ui.support.TridasEntityDeriver - Setting up field Identifier
09 Jul 2026 21:10:22,461 [AWT-EventQueue-0] DEBUG org.tellervo.desktop.tridasv2.ui.support.TridasEntityDeriver - Setting up field Created timestamp
09 Jul 2026 21:10:22,461 [AWT-EventQueue-0] DEBUG org.tellervo.desktop.tridasv2.ui.support.TridasEntityDeriver - Setting up field Last modified timestamp
09 Jul 2026 21:10:22,461 [AWT-EventQueue-0] DEBUG org.tellervo.desktop.tridasv2.ui.support.TridasEntityDeriver - Setting up field Comments
09 Jul 2026 21:10:22,461 [AWT-EventQueue-0] DEBUG org.tellervo.desktop.tridasv2.ui.support.TridasEntityDeriver - Adding projectid field to TridasObject
09 Jul 2026 21:10:22,461 [AWT-EventQueue-0] DEBUG org.tellervo.desktop.tridasv2.ui.support.TridasEntityDeriver - No property data for serialVersionUID as long
09 Jul 2026 21:10:22,461 [AWT-EventQueue-0] DEBUG org.tellervo.desktop.tridasv2.ui.support.TridasEntityDeriver - Setting up field Type
09 Jul 2026 21:10:22,461 [AWT-EventQueue-0] DEBUG org.tellervo.desktop.tridasv2.ui.support.TridasEntityDeriver - No property data for serialVersionUID as long
09 Jul 2026 21:10:22,461 [AWT-EventQueue-0] DEBUG org.tellervo.desktop.tridasv2.ui.support.TridasEntityDeriver - Setting up field Value
09 Jul 2026 21:10:22,462 [AWT-EventQueue-0] DEBUG org.tellervo.desktop.tridasv2.ui.support.TridasEntityDeriver - Setting up field Description
09 Jul 2026 21:10:22,462 [AWT-EventQueue-0] DEBUG org.tellervo.desktop.tridasv2.ui.support.TridasEntityDeriver - Setting up field Link series
09 Jul 2026 21:10:22,462 [AWT-EventQueue-0] DEBUG org.tellervo.desktop.tridasv2.ui.support.TridasEntityDeriver - Setting up field Files
09 Jul 2026 21:10:22,462 [AWT-EventQueue-0] DEBUG org.tellervo.desktop.tridasv2.ui.support.TridasEntityDeriver - Setting up field Creator
09 Jul 2026 21:10:22,462 [AWT-EventQueue-0] DEBUG org.tellervo.desktop.tridasv2.ui.support.TridasEntityDeriver - Setting up field Owner
09 Jul 2026 21:10:22,462 [AWT-EventQueue-0] DEBUG org.tellervo.desktop.tridasv2.ui.support.TridasEntityDeriver - Setting up field Coverage
09 Jul 2026 21:10:22,462 [AWT-EventQueue-0] DEBUG org.tellervo.desktop.tridasv2.ui.support.TridasEntityDeriver - Setting up field Location
09 Jul 2026 21:10:22,462 [AWT-EventQueue-0] DEBUG org.tellervo.desktop.tridasv2.ui.support.TridasEntityDeriver - No property data for serialVersionUID as long
09 Jul 2026 21:10:22,462 [AWT-EventQueue-0] DEBUG org.tellervo.desktop.tridasv2.ui.support.TridasEntityDeriver - Setting up field Location geometry
09 Jul 2026 21:10:22,462 [AWT-EventQueue-0] DEBUG org.tellervo.desktop.tridasv2.ui.support.TridasEntityDeriver - Setting up field Location type
09 Jul 2026 21:10:22,462 [AWT-EventQueue-0] DEBUG org.tellervo.desktop.tridasv2.ui.support.TridasEntityDeriver - Setting up field Location precision
09 Jul 2026 21:10:22,462 [AWT-EventQueue-0] DEBUG org.tellervo.desktop.tridasv2.ui.support.TridasEntityDeriver - Setting up field Location comment
09 Jul 2026 21:10:22,462 [AWT-EventQueue-0] DEBUG org.tellervo.desktop.tridasv2.ui.support.TridasEntityDeriver - Setting up field Address
09 Jul 2026 21:10:22,462 [AWT-EventQueue-0] DEBUG org.tellervo.desktop.tridasv2.ui.support.TridasEntityDeriver - No property data for serialVersionUID as long
09 Jul 2026 21:10:22,462 [AWT-EventQueue-0] DEBUG org.tellervo.desktop.tridasv2.ui.support.TridasEntityDeriver - Setting up field Address line1
09 Jul 2026 21:10:22,462 [AWT-EventQueue-0] DEBUG org.tellervo.desktop.tridasv2.ui.support.TridasEntityDeriver - Setting up field Address line2
09 Jul 2026 21:10:22,462 [AWT-EventQueue-0] DEBUG org.tellervo.desktop.tridasv2.ui.support.TridasEntityDeriver - Setting up field City or town
09 Jul 2026 21:10:22,462 [AWT-EventQueue-0] DEBUG org.tellervo.desktop.tridasv2.ui.support.TridasEntityDeriver - Setting up field State province region
09 Jul 2026 21:10:22,462 [AWT-EventQueue-0] DEBUG org.tellervo.desktop.tridasv2.ui.support.TridasEntityDeriver - Setting up field Postal code
09 Jul 2026 21:10:22,462 [AWT-EventQueue-0] DEBUG org.tellervo.desktop.tridasv2.ui.support.TridasEntityDeriver - Setting up field Country
09 Jul 2026 21:10:22,463 [AWT-EventQueue-0] DEBUG org.tellervo.desktop.tridasv2.ui.support.TridasEntityDeriver - Setting up field Code
09 Jul 2026 21:10:22,463 [AWT-EventQueue-0] DEBUG org.tellervo.desktop.tridasv2.ui.support.TridasEntityDeriver - Setting up field Objects
09 Jul 2026 21:10:22,463 [AWT-EventQueue-0] DEBUG org.tellervo.desktop.tridasv2.ui.support.TridasEntityDeriver - Setting up field Elements
09 Jul 2026 21:10:22,473 [AWT-EventQueue-0] DEBUG org.tellervo.desktop.gui.widgets.ManagementTreeViewPanel - Setting up multi-tree
09 Jul 2026 21:10:22,474 [AWT-EventQueue-0] DEBUG org.tellervo.desktop.gui.widgets.TridasTreeViewPanel - Starting to get object list from dictionary
09 Jul 2026 21:10:22,475 [AWT-EventQueue-0] DEBUG org.tellervo.desktop.gui.widgets.TridasTreeViewPanel - Finished getting object list from dictionary
09 Jul 2026 21:10:22,475 [AWT-EventQueue-0] DEBUG org.tellervo.desktop.gui.widgets.TridasTreeViewPanel - Beginning to loop through object list and adding to tree in order
09 Jul 2026 21:10:22,783 [AWT-EventQueue-0] DEBUG org.tellervo.desktop.gui.widgets.TridasTreeViewPanel - Finished adding objects to tree in order
09 Jul 2026 21:10:22,879 [AWT-EventQueue-0] DEBUG org.tellervo.desktop.gui.widgets.ManagementTreeViewPanel - Adding mouse listener...
09 Jul 2026 21:10:22,880 [AWT-EventQueue-0] DEBUG org.tellervo.desktop.gui.widgets.ManagementTreeViewPanel - Finished setting up multi-tree
09 Jul 2026 21:10:23,029 [AWT-EventQueue-0] DEBUG org.tellervo.desktop.tridasv2.ui.TridasListRenderer - TridasListRenderer called for null
09 Jul 2026 21:10:23,030 [AWT-EventQueue-0] DEBUG org.tellervo.desktop.tridasv2.ui.TridasListRenderer - TridasListRenderer called for null
09 Jul 2026 21:10:25,541 [AWT-EventQueue-0] DEBUG org.tellervo.desktop.tridasv2.ui.support.TridasEntityDeriver - No property data for serialVersionUID as long
09 Jul 2026 21:10:25,541 [AWT-EventQueue-0] DEBUG org.tellervo.desktop.tridasv2.ui.support.TridasEntityDeriver - Setting up field Title
09 Jul 2026 21:10:25,541 [AWT-EventQueue-0] DEBUG org.tellervo.desktop.tridasv2.ui.support.TridasEntityDeriver - Setting up field Identifier
09 Jul 2026 21:10:25,541 [AWT-EventQueue-0] DEBUG org.tellervo.desktop.tridasv2.ui.support.TridasEntityDeriver - Setting up field Created timestamp
09 Jul 2026 21:10:25,541 [AWT-EventQueue-0] DEBUG org.tellervo.desktop.tridasv2.ui.support.TridasEntityDeriver - Setting up field Last modified timestamp
09 Jul 2026 21:10:25,541 [AWT-EventQueue-0] DEBUG org.tellervo.desktop.tridasv2.ui.support.TridasEntityDeriver - Setting up field Comments
09 Jul 2026 21:10:25,542 [AWT-EventQueue-0] DEBUG org.tellervo.desktop.tridasv2.ui.support.TridasEntityDeriver - Adding projectid field to TridasObject
09 Jul 2026 21:10:25,542 [AWT-EventQueue-0] DEBUG org.tellervo.desktop.tridasv2.ui.support.TridasEntityDeriver - No property data for serialVersionUID as long
09 Jul 2026 21:10:25,542 [AWT-EventQueue-0] DEBUG org.tellervo.desktop.tridasv2.ui.support.TridasEntityDeriver - Setting up field Type
09 Jul 2026 21:10:25,542 [AWT-EventQueue-0] DEBUG org.tellervo.desktop.tridasv2.ui.support.TridasEntityDeriver - No property data for serialVersionUID as long
09 Jul 2026 21:10:25,542 [AWT-EventQueue-0] DEBUG org.tellervo.desktop.tridasv2.ui.support.TridasEntityDeriver - Setting up field Value
09 Jul 2026 21:10:25,542 [AWT-EventQueue-0] DEBUG org.tellervo.desktop.tridasv2.ui.support.TridasEntityDeriver - Setting up field Description
09 Jul 2026 21:10:25,542 [AWT-EventQueue-0] DEBUG org.tellervo.desktop.tridasv2.ui.support.TridasEntityDeriver - Setting up field Link series
09 Jul 2026 21:10:25,542 [AWT-EventQueue-0] DEBUG org.tellervo.desktop.tridasv2.ui.support.TridasEntityDeriver - Setting up field Files
09 Jul 2026 21:10:25,543 [AWT-EventQueue-0] DEBUG org.tellervo.desktop.tridasv2.ui.support.TridasEntityDeriver - Setting up field Creator
09 Jul 2026 21:10:25,543 [AWT-EventQueue-0] DEBUG org.tellervo.desktop.tridasv2.ui.support.TridasEntityDeriver - Setting up field Owner
09 Jul 2026 21:10:25,543 [AWT-EventQueue-0] DEBUG org.tellervo.desktop.tridasv2.ui.support.TridasEntityDeriver - Setting up field Coverage
09 Jul 2026 21:10:25,543 [AWT-EventQueue-0] DEBUG org.tellervo.desktop.tridasv2.ui.support.TridasEntityDeriver - Setting up field Location
09 Jul 2026 21:10:25,543 [AWT-EventQueue-0] DEBUG org.tellervo.desktop.tridasv2.ui.support.TridasEntityDeriver - No property data for serialVersionUID as long
09 Jul 2026 21:10:25,543 [AWT-EventQueue-0] DEBUG org.tellervo.desktop.tridasv2.ui.support.TridasEntityDeriver - Setting up field Location geometry
09 Jul 2026 21:10:25,543 [AWT-EventQueue-0] DEBUG org.tellervo.desktop.tridasv2.ui.support.TridasEntityDeriver - Setting up field Location type
09 Jul 2026 21:10:25,543 [AWT-EventQueue-0] DEBUG org.tellervo.desktop.tridasv2.ui.support.TridasEntityDeriver - Setting up field Location precision
09 Jul 2026 21:10:25,543 [AWT-EventQueue-0] DEBUG org.tellervo.desktop.tridasv2.ui.support.TridasEntityDeriver - Setting up field Location comment
09 Jul 2026 21:10:25,543 [AWT-EventQueue-0] DEBUG org.tellervo.desktop.tridasv2.ui.support.TridasEntityDeriver - Setting up field Address
09 Jul 2026 21:10:25,543 [AWT-EventQueue-0] DEBUG org.tellervo.desktop.tridasv2.ui.support.TridasEntityDeriver - No property data for serialVersionUID as long
09 Jul 2026 21:10:25,543 [AWT-EventQueue-0] DEBUG org.tellervo.desktop.tridasv2.ui.support.TridasEntityDeriver - Setting up field Address line1
09 Jul 2026 21:10:25,544 [AWT-EventQueue-0] DEBUG org.tellervo.desktop.tridasv2.ui.support.TridasEntityDeriver - Setting up field Address line2
09 Jul 2026 21:10:25,544 [AWT-EventQueue-0] DEBUG org.tellervo.desktop.tridasv2.ui.support.TridasEntityDeriver - Setting up field City or town
09 Jul 2026 21:10:25,544 [AWT-EventQueue-0] DEBUG org.tellervo.desktop.tridasv2.ui.support.TridasEntityDeriver - Setting up field State province region
09 Jul 2026 21:10:25,544 [AWT-EventQueue-0] DEBUG org.tellervo.desktop.tridasv2.ui.support.TridasEntityDeriver - Setting up field Postal code
09 Jul 2026 21:10:25,544 [AWT-EventQueue-0] DEBUG org.tellervo.desktop.tridasv2.ui.support.TridasEntityDeriver - Setting up field Country
09 Jul 2026 21:10:25,544 [AWT-EventQueue-0] DEBUG org.tellervo.desktop.tridasv2.ui.support.TridasEntityDeriver - Setting up field Code
09 Jul 2026 21:10:25,544 [AWT-EventQueue-0] DEBUG org.tellervo.desktop.tridasv2.ui.support.TridasEntityDeriver - Setting up field Objects
09 Jul 2026 21:10:25,544 [AWT-EventQueue-0] DEBUG org.tellervo.desktop.tridasv2.ui.support.TridasEntityDeriver - Setting up field Elements
09 Jul 2026 21:10:25,603 [AWT-EventQueue-0] DEBUG org.tellervo.desktop.tridasv2.ui.TridasListRenderer - TridasListRenderer called for []
09 Jul 2026 21:10:25,603 [AWT-EventQueue-0] DEBUG org.tellervo.desktop.tridasv2.ui.TridasListRenderer - TridasListRenderer called for []
09 Jul 2026 21:10:26,745 [Thread-11] ERROR org.tellervo.desktop.wsi.Resource - Failed to query resource ELEMENTSearch
09 Jul 2026 21:10:26,766 [AWT-EventQueue-0] ERROR org.tellervo.desktop.gui.widgets.TridasTreeViewPanel - Error searching for updates to tree view
09 Jul 2026 21:11:31,222 [AWT-EventQueue-0] DEBUG org.tellervo.desktop.tridasv2.ui.support.TridasEntityDeriver - No property data for serialVersionUID as long
09 Jul 2026 21:11:31,222 [AWT-EventQueue-0] DEBUG org.tellervo.desktop.tridasv2.ui.support.TridasEntityDeriver - Setting up field Title
09 Jul 2026 21:11:31,222 [AWT-EventQueue-0] DEBUG org.tellervo.desktop.tridasv2.ui.support.TridasEntityDeriver - Setting up field Identifier
09 Jul 2026 21:11:31,222 [AWT-EventQueue-0] DEBUG org.tellervo.desktop.tridasv2.ui.support.TridasEntityDeriver - Setting up field Created timestamp
09 Jul 2026 21:11:31,222 [AWT-EventQueue-0] DEBUG org.tellervo.desktop.tridasv2.ui.support.TridasEntityDeriver - Setting up field Last modified timestamp
09 Jul 2026 21:11:31,222 [AWT-EventQueue-0] DEBUG org.tellervo.desktop.tridasv2.ui.support.TridasEntityDeriver - Setting up field Comments
09 Jul 2026 21:11:31,222 [AWT-EventQueue-0] DEBUG org.tellervo.desktop.tridasv2.ui.support.TridasEntityDeriver - Adding projectid field to TridasObject
09 Jul 2026 21:11:31,223 [AWT-EventQueue-0] DEBUG org.tellervo.desktop.tridasv2.ui.support.TridasEntityDeriver - No property data for serialVersionUID as long
09 Jul 2026 21:11:31,223 [AWT-EventQueue-0] DEBUG org.tellervo.desktop.tridasv2.ui.support.TridasEntityDeriver - Setting up field Type
09 Jul 2026 21:11:31,223 [AWT-EventQueue-0] DEBUG org.tellervo.desktop.tridasv2.ui.support.TridasEntityDeriver - No property data for serialVersionUID as long
09 Jul 2026 21:11:31,223 [AWT-EventQueue-0] DEBUG org.tellervo.desktop.tridasv2.ui.support.TridasEntityDeriver - Setting up field Value
09 Jul 2026 21:11:31,223 [AWT-EventQueue-0] DEBUG org.tellervo.desktop.tridasv2.ui.support.TridasEntityDeriver - Setting up field Description
09 Jul 2026 21:11:31,223 [AWT-EventQueue-0] DEBUG org.tellervo.desktop.tridasv2.ui.support.TridasEntityDeriver - Setting up field Link series
09 Jul 2026 21:11:31,223 [AWT-EventQueue-0] DEBUG org.tellervo.desktop.tridasv2.ui.support.TridasEntityDeriver - Setting up field Files
09 Jul 2026 21:11:31,223 [AWT-EventQueue-0] DEBUG org.tellervo.desktop.tridasv2.ui.support.TridasEntityDeriver - Setting up field Creator
09 Jul 2026 21:11:31,224 [AWT-EventQueue-0] DEBUG org.tellervo.desktop.tridasv2.ui.support.TridasEntityDeriver - Setting up field Owner
09 Jul 2026 21:11:31,224 [AWT-EventQueue-0] DEBUG org.tellervo.desktop.tridasv2.ui.support.TridasEntityDeriver - Setting up field Coverage
09 Jul 2026 21:11:31,224 [AWT-EventQueue-0] DEBUG org.tellervo.desktop.tridasv2.ui.support.TridasEntityDeriver - Setting up field Location
09 Jul 2026 21:11:31,224 [AWT-EventQueue-0] DEBUG org.tellervo.desktop.tridasv2.ui.support.TridasEntityDeriver - No property data for serialVersionUID as long
09 Jul 2026 21:11:31,224 [AWT-EventQueue-0] DEBUG org.tellervo.desktop.tridasv2.ui.support.TridasEntityDeriver - Setting up field Location geometry
09 Jul 2026 21:11:31,224 [AWT-EventQueue-0] DEBUG org.tellervo.desktop.tridasv2.ui.support.TridasEntityDeriver - Setting up field Location type
09 Jul 2026 21:11:31,224 [AWT-EventQueue-0] DEBUG org.tellervo.desktop.tridasv2.ui.support.TridasEntityDeriver - Setting up field Location precision
09 Jul 2026 21:11:31,224 [AWT-EventQueue-0] DEBUG org.tellervo.desktop.tridasv2.ui.support.TridasEntityDeriver - Setting up field Location comment
09 Jul 2026 21:11:31,224 [AWT-EventQueue-0] DEBUG org.tellervo.desktop.tridasv2.ui.support.TridasEntityDeriver - Setting up field Address
09 Jul 2026 21:11:31,224 [AWT-EventQueue-0] DEBUG org.tellervo.desktop.tridasv2.ui.support.TridasEntityDeriver - No property data for serialVersionUID as long
09 Jul 2026 21:11:31,224 [AWT-EventQueue-0] DEBUG org.tellervo.desktop.tridasv2.ui.support.TridasEntityDeriver - Setting up field Address line1
09 Jul 2026 21:11:31,225 [AWT-EventQueue-0] DEBUG org.tellervo.desktop.tridasv2.ui.support.TridasEntityDeriver - Setting up field Address line2
09 Jul 2026 21:11:31,225 [AWT-EventQueue-0] DEBUG org.tellervo.desktop.tridasv2.ui.support.TridasEntityDeriver - Setting up field City or town
09 Jul 2026 21:11:31,225 [AWT-EventQueue-0] DEBUG org.tellervo.desktop.tridasv2.ui.support.TridasEntityDeriver - Setting up field State province region
09 Jul 2026 21:11:31,225 [AWT-EventQueue-0] DEBUG org.tellervo.desktop.tridasv2.ui.support.TridasEntityDeriver - Setting up field Postal code
09 Jul 2026 21:11:31,225 [AWT-EventQueue-0] DEBUG org.tellervo.desktop.tridasv2.ui.support.TridasEntityDeriver - Setting up field Country
09 Jul 2026 21:11:31,225 [AWT-EventQueue-0] DEBUG org.tellervo.desktop.tridasv2.ui.support.TridasEntityDeriver - Setting up field Code
09 Jul 2026 21:11:31,226 [AWT-EventQueue-0] DEBUG org.tellervo.desktop.tridasv2.ui.support.TridasEntityDeriver - Setting up field Objects
09 Jul 2026 21:11:31,227 [AWT-EventQueue-0] DEBUG org.tellervo.desktop.tridasv2.ui.support.TridasEntityDeriver - Setting up field Elements
09 Jul 2026 21:11:31,267 [AWT-EventQueue-0] DEBUG org.tellervo.desktop.tridasv2.ui.TridasListRenderer - TridasListRenderer called for []
09 Jul 2026 21:11:31,267 [AWT-EventQueue-0] DEBUG org.tellervo.desktop.tridasv2.ui.TridasListRenderer - TridasListRenderer called for []
09 Jul 2026 21:11:32,372 [Thread-13] ERROR org.tellervo.desktop.wsi.Resource - Failed to query resource ELEMENTSearch
09 Jul 2026 21:11:32,396 [AWT-EventQueue-0] ERROR org.tellervo.desktop.gui.widgets.TridasTreeViewPanel - Error searching for updates to tree view
09 Jul 2026 21:19:19,723 [AWT-EventQueue-0] DEBUG org.tellervo.desktop.tridasv2.ui.support.TridasEntityDeriver - No property data for serialVersionUID as long
09 Jul 2026 21:19:19,723 [AWT-EventQueue-0] DEBUG org.tellervo.desktop.tridasv2.ui.support.TridasEntityDeriver - Setting up field Title
09 Jul 2026 21:19:19,723 [AWT-EventQueue-0] DEBUG org.tellervo.desktop.tridasv2.ui.support.TridasEntityDeriver - Setting up field Identifier
09 Jul 2026 21:19:19,723 [AWT-EventQueue-0] DEBUG org.tellervo.desktop.tridasv2.ui.support.TridasEntityDeriver - Setting up field Created timestamp
09 Jul 2026 21:19:19,723 [AWT-EventQueue-0] DEBUG org.tellervo.desktop.tridasv2.ui.support.TridasEntityDeriver - Setting up field Last modified timestamp
09 Jul 2026 21:19:19,723 [AWT-EventQueue-0] DEBUG org.tellervo.desktop.tridasv2.ui.support.TridasEntityDeriver - Setting up field Comments
09 Jul 2026 21:19:19,723 [AWT-EventQueue-0] DEBUG org.tellervo.desktop.tridasv2.ui.support.TridasEntityDeriver - Adding projectid field to TridasObject
09 Jul 2026 21:19:19,723 [AWT-EventQueue-0] DEBUG org.tellervo.desktop.tridasv2.ui.support.TridasEntityDeriver - No property data for serialVersionUID as long
09 Jul 2026 21:19:19,723 [AWT-EventQueue-0] DEBUG org.tellervo.desktop.tridasv2.ui.support.TridasEntityDeriver - Setting up field Type
09 Jul 2026 21:19:19,723 [AWT-EventQueue-0] DEBUG org.tellervo.desktop.tridasv2.ui.support.TridasEntityDeriver - No property data for serialVersionUID as long
09 Jul 2026 21:19:19,723 [AWT-EventQueue-0] DEBUG org.tellervo.desktop.tridasv2.ui.support.TridasEntityDeriver - Setting up field Value
09 Jul 2026 21:19:19,723 [AWT-EventQueue-0] DEBUG org.tellervo.desktop.tridasv2.ui.support.TridasEntityDeriver - Setting up field Description
09 Jul 2026 21:19:19,723 [AWT-EventQueue-0] DEBUG org.tellervo.desktop.tridasv2.ui.support.TridasEntityDeriver - Setting up field Link series
09 Jul 2026 21:19:19,724 [AWT-EventQueue-0] DEBUG org.tellervo.desktop.tridasv2.ui.support.TridasEntityDeriver - Setting up field Files
09 Jul 2026 21:19:19,724 [AWT-EventQueue-0] DEBUG org.tellervo.desktop.tridasv2.ui.support.TridasEntityDeriver - Setting up field Creator
09 Jul 2026 21:19:19,724 [AWT-EventQueue-0] DEBUG org.tellervo.desktop.tridasv2.ui.support.TridasEntityDeriver - Setting up field Owner
09 Jul 2026 21:19:19,724 [AWT-EventQueue-0] DEBUG org.tellervo.desktop.tridasv2.ui.support.TridasEntityDeriver - Setting up field Coverage
09 Jul 2026 21:19:19,724 [AWT-EventQueue-0] DEBUG org.tellervo.desktop.tridasv2.ui.support.TridasEntityDeriver - Setting up field Location
09 Jul 2026 21:19:19,724 [AWT-EventQueue-0] DEBUG org.tellervo.desktop.tridasv2.ui.support.TridasEntityDeriver - No property data for serialVersionUID as long
09 Jul 2026 21:19:19,724 [AWT-EventQueue-0] DEBUG org.tellervo.desktop.tridasv2.ui.support.TridasEntityDeriver - Setting up field Location geometry
09 Jul 2026 21:19:19,724 [AWT-EventQueue-0] DEBUG org.tellervo.desktop.tridasv2.ui.support.TridasEntityDeriver - Setting up field Location type
09 Jul 2026 21:19:19,724 [AWT-EventQueue-0] DEBUG org.tellervo.desktop.tridasv2.ui.support.TridasEntityDeriver - Setting up field Location precision
09 Jul 2026 21:19:19,724 [AWT-EventQueue-0] DEBUG org.tellervo.desktop.tridasv2.ui.support.TridasEntityDeriver - Setting up field Location comment
09 Jul 2026 21:19:19,724 [AWT-EventQueue-0] DEBUG org.tellervo.desktop.tridasv2.ui.support.TridasEntityDeriver - Setting up field Address
09 Jul 2026 21:19:19,724 [AWT-EventQueue-0] DEBUG org.tellervo.desktop.tridasv2.ui.support.TridasEntityDeriver - No property data for serialVersionUID as long
09 Jul 2026 21:19:19,724 [AWT-EventQueue-0] DEBUG org.tellervo.desktop.tridasv2.ui.support.TridasEntityDeriver - Setting up field Address line1
09 Jul 2026 21:19:19,724 [AWT-EventQueue-0] DEBUG org.tellervo.desktop.tridasv2.ui.support.TridasEntityDeriver - Setting up field Address line2
09 Jul 2026 21:19:19,724 [AWT-EventQueue-0] DEBUG org.tellervo.desktop.tridasv2.ui.support.TridasEntityDeriver - Setting up field City or town
09 Jul 2026 21:19:19,725 [AWT-EventQueue-0] DEBUG org.tellervo.desktop.tridasv2.ui.support.TridasEntityDeriver - Setting up field State province region
09 Jul 2026 21:19:19,725 [AWT-EventQueue-0] DEBUG org.tellervo.desktop.tridasv2.ui.support.TridasEntityDeriver - Setting up field Postal code
09 Jul 2026 21:19:19,725 [AWT-EventQueue-0] DEBUG org.tellervo.desktop.tridasv2.ui.support.TridasEntityDeriver - Setting up field Country
09 Jul 2026 21:19:19,725 [AWT-EventQueue-0] DEBUG org.tellervo.desktop.tridasv2.ui.support.TridasEntityDeriver - Setting up field Code
09 Jul 2026 21:19:19,725 [AWT-EventQueue-0] DEBUG org.tellervo.desktop.tridasv2.ui.support.TridasEntityDeriver - Setting up field Objects
09 Jul 2026 21:19:19,725 [AWT-EventQueue-0] DEBUG org.tellervo.desktop.tridasv2.ui.support.TridasEntityDeriver - Setting up field Elements
09 Jul 2026 21:19:19,757 [AWT-EventQueue-0] DEBUG org.tellervo.desktop.tridasv2.ui.TridasListRenderer - TridasListRenderer called for []
09 Jul 2026 21:19:19,757 [AWT-EventQueue-0] DEBUG org.tellervo.desktop.tridasv2.ui.TridasListRenderer - TridasListRenderer called for []
09 Jul 2026 21:19:27,907 [AWT-EventQueue-0] DEBUG org.tellervo.desktop.tridasv2.ui.support.TridasEntityDeriver - No property data for serialVersionUID as long
09 Jul 2026 21:19:27,908 [AWT-EventQueue-0] DEBUG org.tellervo.desktop.tridasv2.ui.support.TridasEntityDeriver - Setting up field Title
09 Jul 2026 21:19:27,908 [AWT-EventQueue-0] DEBUG org.tellervo.desktop.tridasv2.ui.support.TridasEntityDeriver - Setting up field Identifier
09 Jul 2026 21:19:27,908 [AWT-EventQueue-0] DEBUG org.tellervo.desktop.tridasv2.ui.support.TridasEntityDeriver - Setting up field Created timestamp
09 Jul 2026 21:19:27,908 [AWT-EventQueue-0] DEBUG org.tellervo.desktop.tridasv2.ui.support.TridasEntityDeriver - Setting up field Last modified timestamp
09 Jul 2026 21:19:27,908 [AWT-EventQueue-0] DEBUG org.tellervo.desktop.tridasv2.ui.support.TridasEntityDeriver - Setting up field Comments
09 Jul 2026 21:19:27,908 [AWT-EventQueue-0] DEBUG org.tellervo.desktop.tridasv2.ui.support.TridasEntityDeriver - No property data for serialVersionUID as long
09 Jul 2026 21:19:27,908 [AWT-EventQueue-0] DEBUG org.tellervo.desktop.tridasv2.ui.support.TridasEntityDeriver - Setting up field Type
09 Jul 2026 21:19:27,908 [AWT-EventQueue-0] DEBUG org.tellervo.desktop.tridasv2.ui.support.TridasEntityDeriver - No property data for serialVersionUID as long
09 Jul 2026 21:19:27,908 [AWT-EventQueue-0] DEBUG org.tellervo.desktop.tridasv2.ui.support.TridasEntityDeriver - Setting up field Value
09 Jul 2026 21:19:27,908 [AWT-EventQueue-0] DEBUG org.tellervo.desktop.tridasv2.ui.support.TridasEntityDeriver - Setting up field Description
09 Jul 2026 21:19:27,908 [AWT-EventQueue-0] DEBUG org.tellervo.desktop.tridasv2.ui.support.TridasEntityDeriver - Setting up field Link series
09 Jul 2026 21:19:27,908 [AWT-EventQueue-0] DEBUG org.tellervo.desktop.tridasv2.ui.support.TridasEntityDeriver - Setting up field Files
09 Jul 2026 21:19:27,909 [AWT-EventQueue-0] DEBUG org.tellervo.desktop.tridasv2.ui.support.TridasEntityDeriver - Setting up field Taxon
09 Jul 2026 21:19:27,909 [AWT-EventQueue-0] DEBUG org.tellervo.desktop.tridasv2.ui.support.TridasEntityDeriver - No property data for serialVersionUID as long
09 Jul 2026 21:19:27,909 [AWT-EventQueue-0] DEBUG org.tellervo.desktop.tridasv2.ui.support.TridasEntityDeriver - Setting up field Value
09 Jul 2026 21:19:27,909 [AWT-EventQueue-0] DEBUG org.tellervo.desktop.tridasv2.ui.support.TridasEntityDeriver - Setting up field Shape
09 Jul 2026 21:19:27,909 [AWT-EventQueue-0] DEBUG org.tellervo.desktop.tridasv2.ui.support.TridasEntityDeriver - No property data for serialVersionUID as long
09 Jul 2026 21:19:27,909 [AWT-EventQueue-0] DEBUG org.tellervo.desktop.tridasv2.ui.support.TridasEntityDeriver - Setting up field Dimensions
09 Jul 2026 21:19:27,909 [AWT-EventQueue-0] DEBUG org.tellervo.desktop.tridasv2.ui.support.TridasEntityDeriver - No property data for serialVersionUID as long
09 Jul 2026 21:19:27,909 [AWT-EventQueue-0] DEBUG org.tellervo.desktop.tridasv2.ui.support.TridasEntityDeriver - Setting up field Unit
09 Jul 2026 21:19:27,909 [AWT-EventQueue-0] DEBUG org.tellervo.desktop.tridasv2.ui.support.TridasEntityDeriver - No property data for serialVersionUID as long
09 Jul 2026 21:19:27,910 [AWT-EventQueue-0] DEBUG org.tellervo.desktop.tridasv2.ui.support.TridasEntityDeriver - Setting up field Height
09 Jul 2026 21:19:27,910 [AWT-EventQueue-0] DEBUG org.tellervo.desktop.tridasv2.ui.support.TridasEntityDeriver - Setting up field Width
09 Jul 2026 21:19:27,910 [AWT-EventQueue-0] DEBUG org.tellervo.desktop.tridasv2.ui.support.TridasEntityDeriver - Setting up field Depth
09 Jul 2026 21:19:27,910 [AWT-EventQueue-0] DEBUG org.tellervo.desktop.tridasv2.ui.support.TridasEntityDeriver - Setting up field Diameter
09 Jul 2026 21:19:27,910 [AWT-EventQueue-0] DEBUG org.tellervo.desktop.tridasv2.ui.support.TridasEntityDeriver - Setting up field Authenticity
09 Jul 2026 21:19:27,910 [AWT-EventQueue-0] DEBUG org.tellervo.desktop.tridasv2.ui.support.TridasEntityDeriver - Setting up field Location
09 Jul 2026 21:19:27,910 [AWT-EventQueue-0] DEBUG org.tellervo.desktop.tridasv2.ui.support.TridasEntityDeriver - No property data for serialVersionUID as long
09 Jul 2026 21:19:27,910 [AWT-EventQueue-0] DEBUG org.tellervo.desktop.tridasv2.ui.support.TridasEntityDeriver - Setting up field Location geometry
09 Jul 2026 21:19:27,910 [AWT-EventQueue-0] DEBUG org.tellervo.desktop.tridasv2.ui.support.TridasEntityDeriver - Setting up field Location type
09 Jul 2026 21:19:27,910 [AWT-EventQueue-0] DEBUG org.tellervo.desktop.tridasv2.ui.support.TridasEntityDeriver - Setting up field Location precision
09 Jul 2026 21:19:27,910 [AWT-EventQueue-0] DEBUG org.tellervo.desktop.tridasv2.ui.support.TridasEntityDeriver - Setting up field Location comment
09 Jul 2026 21:19:27,910 [AWT-EventQueue-0] DEBUG org.tellervo.desktop.tridasv2.ui.support.TridasEntityDeriver - Setting up field Address
09 Jul 2026 21:19:27,910 [AWT-EventQueue-0] DEBUG org.tellervo.desktop.tridasv2.ui.support.TridasEntityDeriver - No property data for serialVersionUID as long
09 Jul 2026 21:19:27,910 [AWT-EventQueue-0] DEBUG org.tellervo.desktop.tridasv2.ui.support.TridasEntityDeriver - Setting up field Address line1
09 Jul 2026 21:19:27,910 [AWT-EventQueue-0] DEBUG org.tellervo.desktop.tridasv2.ui.support.TridasEntityDeriver - Setting up field Address line2
09 Jul 2026 21:19:27,911 [AWT-EventQueue-0] DEBUG org.tellervo.desktop.tridasv2.ui.support.TridasEntityDeriver - Setting up field City or town
09 Jul 2026 21:19:27,911 [AWT-EventQueue-0] DEBUG org.tellervo.desktop.tridasv2.ui.support.TridasEntityDeriver - Setting up field State province region
09 Jul 2026 21:19:27,911 [AWT-EventQueue-0] DEBUG org.tellervo.desktop.tridasv2.ui.support.TridasEntityDeriver - Setting up field Postal code
09 Jul 2026 21:19:27,911 [AWT-EventQueue-0] DEBUG org.tellervo.desktop.tridasv2.ui.support.TridasEntityDeriver - Setting up field Country
09 Jul 2026 21:19:27,911 [AWT-EventQueue-0] DEBUG org.tellervo.desktop.tridasv2.ui.support.TridasEntityDeriver - Setting up field Processing
09 Jul 2026 21:19:27,911 [AWT-EventQueue-0] DEBUG org.tellervo.desktop.tridasv2.ui.support.TridasEntityDeriver - Setting up field Marks
09 Jul 2026 21:19:27,911 [AWT-EventQueue-0] DEBUG org.tellervo.desktop.tridasv2.ui.support.TridasEntityDeriver - Setting up field Altitude
09 Jul 2026 21:19:27,911 [AWT-EventQueue-0] DEBUG org.tellervo.desktop.tridasv2.ui.support.TridasEntityDeriver - Setting up field Slope
09 Jul 2026 21:19:27,911 [AWT-EventQueue-0] DEBUG org.tellervo.desktop.tridasv2.ui.support.TridasEntityDeriver - No property data for serialVersionUID as long
09 Jul 2026 21:19:27,911 [AWT-EventQueue-0] DEBUG org.tellervo.desktop.tridasv2.ui.support.TridasEntityDeriver - Setting up field Angle
09 Jul 2026 21:19:27,911 [AWT-EventQueue-0] DEBUG org.tellervo.desktop.tridasv2.ui.support.TridasEntityDeriver - Setting up field Azimuth
09 Jul 2026 21:19:27,911 [AWT-EventQueue-0] DEBUG org.tellervo.desktop.tridasv2.ui.support.TridasEntityDeriver - Setting up field Soil
09 Jul 2026 21:19:27,911 [AWT-EventQueue-0] DEBUG org.tellervo.desktop.tridasv2.ui.support.TridasEntityDeriver - No property data for serialVersionUID as long
09 Jul 2026 21:19:27,911 [AWT-EventQueue-0] DEBUG org.tellervo.desktop.tridasv2.ui.support.TridasEntityDeriver - Setting up field Description
09 Jul 2026 21:19:27,911 [AWT-EventQueue-0] DEBUG org.tellervo.desktop.tridasv2.ui.support.TridasEntityDeriver - Setting up field Depth
09 Jul 2026 21:19:27,911 [AWT-EventQueue-0] DEBUG org.tellervo.desktop.tridasv2.ui.support.TridasEntityDeriver - Setting up field Bedrock
09 Jul 2026 21:19:27,912 [AWT-EventQueue-0] DEBUG org.tellervo.desktop.tridasv2.ui.support.TridasEntityDeriver - No property data for serialVersionUID as long
09 Jul 2026 21:19:27,912 [AWT-EventQueue-0] DEBUG org.tellervo.desktop.tridasv2.ui.support.TridasEntityDeriver - Setting up field Description
09 Jul 2026 21:19:27,912 [AWT-EventQueue-0] DEBUG org.tellervo.desktop.tridasv2.ui.support.TridasEntityDeriver - Setting up field Generic fields
09 Jul 2026 21:19:27,912 [AWT-EventQueue-0] DEBUG org.tellervo.desktop.tridasv2.ui.support.TridasEntityDeriver - Setting up field Samples
09 Jul 2026 21:19:27,946 [AWT-EventQueue-0] DEBUG org.tellervo.desktop.tridasv2.ui.TridasListRenderer - TridasListRenderer called for []
09 Jul 2026 21:19:27,946 [AWT-EventQueue-0] DEBUG org.tellervo.desktop.tridasv2.ui.TridasListRenderer - TridasListRenderer called for []
09 Jul 2026 21:19:30,185 [AWT-EventQueue-0] DEBUG org.tellervo.desktop.tridasv2.ui.support.TridasEntityDeriver - No property data for serialVersionUID as long
09 Jul 2026 21:19:30,185 [AWT-EventQueue-0] DEBUG org.tellervo.desktop.tridasv2.ui.support.TridasEntityDeriver - Setting up field Title
09 Jul 2026 21:19:30,185 [AWT-EventQueue-0] DEBUG org.tellervo.desktop.tridasv2.ui.support.TridasEntityDeriver - Setting up field Identifier
09 Jul 2026 21:19:30,185 [AWT-EventQueue-0] DEBUG org.tellervo.desktop.tridasv2.ui.support.TridasEntityDeriver - Setting up field Created timestamp
09 Jul 2026 21:19:30,185 [AWT-EventQueue-0] DEBUG org.tellervo.desktop.tridasv2.ui.support.TridasEntityDeriver - Setting up field Last modified timestamp
09 Jul 2026 21:19:30,186 [AWT-EventQueue-0] DEBUG org.tellervo.desktop.tridasv2.ui.support.TridasEntityDeriver - Setting up field Comments
09 Jul 2026 21:19:30,186 [AWT-EventQueue-0] DEBUG org.tellervo.desktop.tridasv2.ui.support.TridasEntityDeriver - No property data for serialVersionUID as long
09 Jul 2026 21:19:30,186 [AWT-EventQueue-0] DEBUG org.tellervo.desktop.tridasv2.ui.support.TridasEntityDeriver - Setting up field Type
09 Jul 2026 21:19:30,186 [AWT-EventQueue-0] DEBUG org.tellervo.desktop.tridasv2.ui.support.TridasEntityDeriver - No property data for serialVersionUID as long
09 Jul 2026 21:19:30,186 [AWT-EventQueue-0] DEBUG org.tellervo.desktop.tridasv2.ui.support.TridasEntityDeriver - Setting up field Value
09 Jul 2026 21:19:30,186 [AWT-EventQueue-0] DEBUG org.tellervo.desktop.tridasv2.ui.support.TridasEntityDeriver - Setting up field Description
09 Jul 2026 21:19:30,186 [AWT-EventQueue-0] DEBUG org.tellervo.desktop.tridasv2.ui.support.TridasEntityDeriver - Setting up field Files
09 Jul 2026 21:19:30,186 [AWT-EventQueue-0] DEBUG org.tellervo.desktop.tridasv2.ui.support.TridasEntityDeriver - Setting up field Sampling date
09 Jul 2026 21:19:30,187 [AWT-EventQueue-0] DEBUG org.tellervo.desktop.tridasv2.ui.support.TridasEntityDeriver - Setting up field Position
09 Jul 2026 21:19:30,187 [AWT-EventQueue-0] DEBUG org.tellervo.desktop.tridasv2.ui.support.TridasEntityDeriver - Setting up field State
09 Jul 2026 21:19:30,187 [AWT-EventQueue-0] DEBUG org.tellervo.desktop.tridasv2.ui.support.TridasEntityDeriver - Setting up field Knots
09 Jul 2026 21:19:30,187 [AWT-EventQueue-0] DEBUG org.tellervo.desktop.tridasv2.ui.support.TridasEntityDeriver - Setting up field Generic fields
09 Jul 2026 21:19:30,187 [AWT-EventQueue-0] DEBUG org.tellervo.desktop.tridasv2.ui.support.TridasEntityDeriver - Setting up field Radiuses
09 Jul 2026 21:19:30,192 [AWT-EventQueue-0] ERROR org.tellervo.desktop.tridasv2.ui.TellervoPropertySheetPanel - Invalid value for generic field.  Doesn't match specified data type
09 Jul 2026 21:19:30,192 [AWT-EventQueue-0] DEBUG org.tellervo.desktop.tridasv2.ui.support.TridasEntityProperty - Creating sample.customFields
09 Jul 2026 21:19:30,206 [AWT-EventQueue-0] ERROR org.tellervo.desktop.tridasv2.ui.TellervoPropertySheetPanel - Invalid value for generic field.  Doesn't match specified data type
09 Jul 2026 21:19:30,210 [AWT-EventQueue-0] ERROR org.tellervo.desktop.tridasv2.ui.TellervoPropertySheetPanel - Invalid value for generic field.  Doesn't match specified data type
09 Jul 2026 21:19:30,210 [AWT-EventQueue-0] ERROR org.tellervo.desktop.tridasv2.ui.TellervoPropertySheetPanel - Invalid value for generic field.  Doesn't match specified data type
09 Jul 2026 21:19:30,220 [AWT-EventQueue-0] ERROR org.tellervo.desktop.tridasv2.ui.TellervoPropertySheetPanel - Invalid value for generic field.  Doesn't match specified data type
09 Jul 2026 21:19:30,260 [AWT-EventQueue-0] DEBUG org.tellervo.desktop.tridasv2.ui.TridasListRenderer - TridasListRenderer called for []
09 Jul 2026 21:19:30,260 [AWT-EventQueue-0] DEBUG org.tellervo.desktop.tridasv2.ui.TridasListRenderer - TridasListRenderer called for []
09 Jul 2026 21:19:31,628 [AWT-EventQueue-0] DEBUG org.tellervo.desktop.tridasv2.ui.support.TridasEntityDeriver - No property data for serialVersionUID as long
09 Jul 2026 21:19:31,628 [AWT-EventQueue-0] DEBUG org.tellervo.desktop.tridasv2.ui.support.TridasEntityDeriver - Setting up field Title
09 Jul 2026 21:19:31,629 [AWT-EventQueue-0] DEBUG org.tellervo.desktop.tridasv2.ui.support.TridasEntityDeriver - Setting up field Identifier
09 Jul 2026 21:19:31,629 [AWT-EventQueue-0] DEBUG org.tellervo.desktop.tridasv2.ui.support.TridasEntityDeriver - Setting up field Created timestamp
09 Jul 2026 21:19:31,629 [AWT-EventQueue-0] DEBUG org.tellervo.desktop.tridasv2.ui.support.TridasEntityDeriver - Setting up field Last modified timestamp
09 Jul 2026 21:19:31,629 [AWT-EventQueue-0] DEBUG org.tellervo.desktop.tridasv2.ui.support.TridasEntityDeriver - Setting up field Comments
09 Jul 2026 21:19:31,629 [AWT-EventQueue-0] DEBUG org.tellervo.desktop.tridasv2.ui.support.TridasEntityDeriver - No property data for serialVersionUID as long
09 Jul 2026 21:19:31,629 [AWT-EventQueue-0] DEBUG org.tellervo.desktop.tridasv2.ui.support.TridasEntityDeriver - Setting up field Type
09 Jul 2026 21:19:31,629 [AWT-EventQueue-0] DEBUG org.tellervo.desktop.tridasv2.ui.support.TridasEntityDeriver - No property data for serialVersionUID as long
09 Jul 2026 21:19:31,629 [AWT-EventQueue-0] DEBUG org.tellervo.desktop.tridasv2.ui.support.TridasEntityDeriver - Setting up field Value
09 Jul 2026 21:19:31,630 [AWT-EventQueue-0] DEBUG org.tellervo.desktop.tridasv2.ui.support.TridasEntityDeriver - Setting up field Description
09 Jul 2026 21:19:31,630 [AWT-EventQueue-0] DEBUG org.tellervo.desktop.tridasv2.ui.support.TridasEntityDeriver - Setting up field Link series
09 Jul 2026 21:19:31,630 [AWT-EventQueue-0] DEBUG org.tellervo.desktop.tridasv2.ui.support.TridasEntityDeriver - Setting up field Files
09 Jul 2026 21:19:31,630 [AWT-EventQueue-0] DEBUG org.tellervo.desktop.tridasv2.ui.support.TridasEntityDeriver - Setting up field Taxon
09 Jul 2026 21:19:31,630 [AWT-EventQueue-0] DEBUG org.tellervo.desktop.tridasv2.ui.support.TridasEntityDeriver - No property data for serialVersionUID as long
09 Jul 2026 21:19:31,630 [AWT-EventQueue-0] DEBUG org.tellervo.desktop.tridasv2.ui.support.TridasEntityDeriver - Setting up field Value
09 Jul 2026 21:19:31,630 [AWT-EventQueue-0] DEBUG org.tellervo.desktop.tridasv2.ui.support.TridasEntityDeriver - Setting up field Shape
09 Jul 2026 21:19:31,631 [AWT-EventQueue-0] DEBUG org.tellervo.desktop.tridasv2.ui.support.TridasEntityDeriver - No property data for serialVersionUID as long
09 Jul 2026 21:19:31,631 [AWT-EventQueue-0] DEBUG org.tellervo.desktop.tridasv2.ui.support.TridasEntityDeriver - Setting up field Dimensions
09 Jul 2026 21:19:31,631 [AWT-EventQueue-0] DEBUG org.tellervo.desktop.tridasv2.ui.support.TridasEntityDeriver - No property data for serialVersionUID as long
09 Jul 2026 21:19:31,631 [AWT-EventQueue-0] DEBUG org.tellervo.desktop.tridasv2.ui.support.TridasEntityDeriver - Setting up field Unit
09 Jul 2026 21:19:31,631 [AWT-EventQueue-0] DEBUG org.tellervo.desktop.tridasv2.ui.support.TridasEntityDeriver - No property data for serialVersionUID as long
09 Jul 2026 21:19:31,631 [AWT-EventQueue-0] DEBUG org.tellervo.desktop.tridasv2.ui.support.TridasEntityDeriver - Setting up field Height
09 Jul 2026 21:19:31,631 [AWT-EventQueue-0] DEBUG org.tellervo.desktop.tridasv2.ui.support.TridasEntityDeriver - Setting up field Width
09 Jul 2026 21:19:31,631 [AWT-EventQueue-0] DEBUG org.tellervo.desktop.tridasv2.ui.support.TridasEntityDeriver - Setting up field Depth
09 Jul 2026 21:19:31,631 [AWT-EventQueue-0] DEBUG org.tellervo.desktop.tridasv2.ui.support.TridasEntityDeriver - Setting up field Diameter
09 Jul 2026 21:19:31,631 [AWT-EventQueue-0] DEBUG org.tellervo.desktop.tridasv2.ui.support.TridasEntityDeriver - Setting up field Authenticity
09 Jul 2026 21:19:31,631 [AWT-EventQueue-0] DEBUG org.tellervo.desktop.tridasv2.ui.support.TridasEntityDeriver - Setting up field Location
09 Jul 2026 21:19:31,632 [AWT-EventQueue-0] DEBUG org.tellervo.desktop.tridasv2.ui.support.TridasEntityDeriver - No property data for serialVersionUID as long
09 Jul 2026 21:19:31,632 [AWT-EventQueue-0] DEBUG org.tellervo.desktop.tridasv2.ui.support.TridasEntityDeriver - Setting up field Location geometry
09 Jul 2026 21:19:31,632 [AWT-EventQueue-0] DEBUG org.tellervo.desktop.tridasv2.ui.support.TridasEntityDeriver - Setting up field Location type
09 Jul 2026 21:19:31,632 [AWT-EventQueue-0] DEBUG org.tellervo.desktop.tridasv2.ui.support.TridasEntityDeriver - Setting up field Location precision
09 Jul 2026 21:19:31,632 [AWT-EventQueue-0] DEBUG org.tellervo.desktop.tridasv2.ui.support.TridasEntityDeriver - Setting up field Location comment
09 Jul 2026 21:19:31,632 [AWT-EventQueue-0] DEBUG org.tellervo.desktop.tridasv2.ui.support.TridasEntityDeriver - Setting up field Address
09 Jul 2026 21:19:31,632 [AWT-EventQueue-0] DEBUG org.tellervo.desktop.tridasv2.ui.support.TridasEntityDeriver - No property data for serialVersionUID as long
09 Jul 2026 21:19:31,632 [AWT-EventQueue-0] DEBUG org.tellervo.desktop.tridasv2.ui.support.TridasEntityDeriver - Setting up field Address line1
09 Jul 2026 21:19:31,632 [AWT-EventQueue-0] DEBUG org.tellervo.desktop.tridasv2.ui.support.TridasEntityDeriver - Setting up field Address line2
09 Jul 2026 21:19:31,632 [AWT-EventQueue-0] DEBUG org.tellervo.desktop.tridasv2.ui.support.TridasEntityDeriver - Setting up field City or town
09 Jul 2026 21:19:31,632 [AWT-EventQueue-0] DEBUG org.tellervo.desktop.tridasv2.ui.support.TridasEntityDeriver - Setting up field State province region
09 Jul 2026 21:19:31,632 [AWT-EventQueue-0] DEBUG org.tellervo.desktop.tridasv2.ui.support.TridasEntityDeriver - Setting up field Postal code
09 Jul 2026 21:19:31,633 [AWT-EventQueue-0] DEBUG org.tellervo.desktop.tridasv2.ui.support.TridasEntityDeriver - Setting up field Country
09 Jul 2026 21:19:31,633 [AWT-EventQueue-0] DEBUG org.tellervo.desktop.tridasv2.ui.support.TridasEntityDeriver - Setting up field Processing
09 Jul 2026 21:19:31,633 [AWT-EventQueue-0] DEBUG org.tellervo.desktop.tridasv2.ui.support.TridasEntityDeriver - Setting up field Marks
09 Jul 2026 21:19:31,633 [AWT-EventQueue-0] DEBUG org.tellervo.desktop.tridasv2.ui.support.TridasEntityDeriver - Setting up field Altitude
09 Jul 2026 21:19:31,633 [AWT-EventQueue-0] DEBUG org.tellervo.desktop.tridasv2.ui.support.TridasEntityDeriver - Setting up field Slope
09 Jul 2026 21:19:31,633 [AWT-EventQueue-0] DEBUG org.tellervo.desktop.tridasv2.ui.support.TridasEntityDeriver - No property data for serialVersionUID as long
09 Jul 2026 21:19:31,633 [AWT-EventQueue-0] DEBUG org.tellervo.desktop.tridasv2.ui.support.TridasEntityDeriver - Setting up field Angle
09 Jul 2026 21:19:31,633 [AWT-EventQueue-0] DEBUG org.tellervo.desktop.tridasv2.ui.support.TridasEntityDeriver - Setting up field Azimuth
09 Jul 2026 21:19:31,633 [AWT-EventQueue-0] DEBUG org.tellervo.desktop.tridasv2.ui.support.TridasEntityDeriver - Setting up field Soil
09 Jul 2026 21:19:31,633 [AWT-EventQueue-0] DEBUG org.tellervo.desktop.tridasv2.ui.support.TridasEntityDeriver - No property data for serialVersionUID as long
09 Jul 2026 21:19:31,633 [AWT-EventQueue-0] DEBUG org.tellervo.desktop.tridasv2.ui.support.TridasEntityDeriver - Setting up field Description
09 Jul 2026 21:19:31,634 [AWT-EventQueue-0] DEBUG org.tellervo.desktop.tridasv2.ui.support.TridasEntityDeriver - Setting up field Depth
09 Jul 2026 21:19:31,634 [AWT-EventQueue-0] DEBUG org.tellervo.desktop.tridasv2.ui.support.TridasEntityDeriver - Setting up field Bedrock
09 Jul 2026 21:19:31,634 [AWT-EventQueue-0] DEBUG org.tellervo.desktop.tridasv2.ui.support.TridasEntityDeriver - No property data for serialVersionUID as long
09 Jul 2026 21:19:31,634 [AWT-EventQueue-0] DEBUG org.tellervo.desktop.tridasv2.ui.support.TridasEntityDeriver - Setting up field Description
09 Jul 2026 21:19:31,634 [AWT-EventQueue-0] DEBUG org.tellervo.desktop.tridasv2.ui.support.TridasEntityDeriver - Setting up field Generic fields
09 Jul 2026 21:19:31,634 [AWT-EventQueue-0] DEBUG org.tellervo.desktop.tridasv2.ui.support.TridasEntityDeriver - Setting up field Samples
09 Jul 2026 21:19:31,669 [AWT-EventQueue-0] DEBUG org.tellervo.desktop.tridasv2.ui.TridasListRenderer - TridasListRenderer called for []
09 Jul 2026 21:19:31,670 [AWT-EventQueue-0] DEBUG org.tellervo.desktop.tridasv2.ui.TridasListRenderer - TridasListRenderer called for []
09 Jul 2026 21:19:32,860 [AWT-EventQueue-0] DEBUG org.tellervo.desktop.tridasv2.ui.support.TridasEntityDeriver - No property data for serialVersionUID as long
09 Jul 2026 21:19:32,860 [AWT-EventQueue-0] DEBUG org.tellervo.desktop.tridasv2.ui.support.TridasEntityDeriver - Setting up field Title
09 Jul 2026 21:19:32,860 [AWT-EventQueue-0] DEBUG org.tellervo.desktop.tridasv2.ui.support.TridasEntityDeriver - Setting up field Identifier
09 Jul 2026 21:19:32,860 [AWT-EventQueue-0] DEBUG org.tellervo.desktop.tridasv2.ui.support.TridasEntityDeriver - Setting up field Created timestamp
09 Jul 2026 21:19:32,860 [AWT-EventQueue-0] DEBUG org.tellervo.desktop.tridasv2.ui.support.TridasEntityDeriver - Setting up field Last modified timestamp
09 Jul 2026 21:19:32,861 [AWT-EventQueue-0] DEBUG org.tellervo.desktop.tridasv2.ui.support.TridasEntityDeriver - Setting up field Comments
09 Jul 2026 21:19:32,861 [AWT-EventQueue-0] DEBUG org.tellervo.desktop.tridasv2.ui.support.TridasEntityDeriver - No property data for serialVersionUID as long
09 Jul 2026 21:19:32,861 [AWT-EventQueue-0] DEBUG org.tellervo.desktop.tridasv2.ui.support.TridasEntityDeriver - Setting up field Type
09 Jul 2026 21:19:32,861 [AWT-EventQueue-0] DEBUG org.tellervo.desktop.tridasv2.ui.support.TridasEntityDeriver - No property data for serialVersionUID as long
09 Jul 2026 21:19:32,861 [AWT-EventQueue-0] DEBUG org.tellervo.desktop.tridasv2.ui.support.TridasEntityDeriver - Setting up field Value
09 Jul 2026 21:19:32,861 [AWT-EventQueue-0] DEBUG org.tellervo.desktop.tridasv2.ui.support.TridasEntityDeriver - Setting up field Description
09 Jul 2026 21:19:32,861 [AWT-EventQueue-0] DEBUG org.tellervo.desktop.tridasv2.ui.support.TridasEntityDeriver - Setting up field Files
09 Jul 2026 21:19:32,861 [AWT-EventQueue-0] DEBUG org.tellervo.desktop.tridasv2.ui.support.TridasEntityDeriver - Setting up field Sampling date
09 Jul 2026 21:19:32,861 [AWT-EventQueue-0] DEBUG org.tellervo.desktop.tridasv2.ui.support.TridasEntityDeriver - Setting up field Position
09 Jul 2026 21:19:32,861 [AWT-EventQueue-0] DEBUG org.tellervo.desktop.tridasv2.ui.support.TridasEntityDeriver - Setting up field State
09 Jul 2026 21:19:32,861 [AWT-EventQueue-0] DEBUG org.tellervo.desktop.tridasv2.ui.support.TridasEntityDeriver - Setting up field Knots
09 Jul 2026 21:19:32,861 [AWT-EventQueue-0] DEBUG org.tellervo.desktop.tridasv2.ui.support.TridasEntityDeriver - Setting up field Generic fields
09 Jul 2026 21:19:32,861 [AWT-EventQueue-0] DEBUG org.tellervo.desktop.tridasv2.ui.support.TridasEntityDeriver - Setting up field Radiuses
09 Jul 2026 21:19:32,864 [AWT-EventQueue-0] ERROR org.tellervo.desktop.tridasv2.ui.TellervoPropertySheetPanel - Invalid value for generic field.  Doesn't match specified data type
09 Jul 2026 21:19:32,864 [AWT-EventQueue-0] DEBUG org.tellervo.desktop.tridasv2.ui.support.TridasEntityProperty - Creating sample.customFields
09 Jul 2026 21:19:32,874 [AWT-EventQueue-0] ERROR org.tellervo.desktop.tridasv2.ui.TellervoPropertySheetPanel - Invalid value for generic field.  Doesn't match specified data type
09 Jul 2026 21:19:32,877 [AWT-EventQueue-0] ERROR org.tellervo.desktop.tridasv2.ui.TellervoPropertySheetPanel - Invalid value for generic field.  Doesn't match specified data type
09 Jul 2026 21:19:32,877 [AWT-EventQueue-0] ERROR org.tellervo.desktop.tridasv2.ui.TellervoPropertySheetPanel - Invalid value for generic field.  Doesn't match specified data type
09 Jul 2026 21:19:32,885 [AWT-EventQueue-0] ERROR org.tellervo.desktop.tridasv2.ui.TellervoPropertySheetPanel - Invalid value for generic field.  Doesn't match specified data type
09 Jul 2026 21:19:32,931 [AWT-EventQueue-0] DEBUG org.tellervo.desktop.tridasv2.ui.TridasListRenderer - TridasListRenderer called for []
09 Jul 2026 21:19:32,932 [AWT-EventQueue-0] DEBUG org.tellervo.desktop.tridasv2.ui.TridasListRenderer - TridasListRenderer called for []
