NAME "Europe in purple"
    SIZE 400 400
    STATUS ON
    SYMBOLSET "/var/www/phpmapserver/symbols/symbols.sym"
    EXTENT -180 -90 180 90
    UNITS METERS
    SHAPEPATH "/var/www/phpmapserver/mapdata"

    WEB
        IMAGEPATH "/var/www/phpmapserver/tmp"
        IMAGEURL "/mapserver/tmp/"
        METADATA
          "wfs_title"            "Cornell Tree Ring Laboratory Map Server"  ## REQUIRED
          "wfs_onlineresource"   "http://dendro.cornell.edu/cgi-bin/mapserv?"  ## Recommended
          "wfs_srs"               "EPSG:4326"  ## Recommended
          "ows_schemas_location" "http://ogc.dmsolutions.ca"  ## Optional
        END

    END

    PROJECTION
      "init=epsg:4326"
    END

    LAYER
    NAME "Sites"

        METADATA
          "wfs_title"    "Corina Dendro Map Server" ## REQUIRED
          "gml_featureid" "siteid" ## REQUIRED
          "gml_include_items" "all"  ## Optional (serves all attributes for layer)
          "wfs_abstract" "Locality data for all trees in the Corina Dendro Database"
        END

        TYPE POLYGON
        CONNECTIONTYPE POSTGIS
        CONNECTION "host=dendro.cornell.edu port=5432 dbname=corina_test user=webuser password=treesarecool"
        STATUS ON
        DUMP TRUE
        DATA "extent from tblsite"
        
        PROJECTION
              "init=epsg:4326"
        END

    END


END

